Component: ARM Compiler 5.06 update 7 (build 960) Tool: armlink [4d3601]

==============================================================================

Section Cross References

    startup_stm32f407xx.o(RESET) refers to startup_stm32f407xx.o(STACK) for __initial_sp
    startup_stm32f407xx.o(RESET) refers to startup_stm32f407xx.o(.text) for Reset_Handler
    startup_stm32f407xx.o(RESET) refers to stm32f4xx_it.o(i.NMI_Handler) for NMI_Handler
    startup_stm32f407xx.o(RESET) refers to stm32f4xx_it.o(i.HardFault_Handler) for HardFault_Handler
    startup_stm32f407xx.o(RESET) refers to stm32f4xx_it.o(i.MemManage_Handler) for MemManage_Handler
    startup_stm32f407xx.o(RESET) refers to stm32f4xx_it.o(i.BusFault_Handler) for BusFault_Handler
    startup_stm32f407xx.o(RESET) refers to stm32f4xx_it.o(i.UsageFault_Handler) for UsageFault_Handler
    startup_stm32f407xx.o(RESET) refers to port.o(.emb_text) for SVC_Handler
    startup_stm32f407xx.o(RESET) refers to stm32f4xx_it.o(i.DebugMon_Handler) for DebugMon_Handler
    startup_stm32f407xx.o(RESET) refers to port.o(i.SysTick_Handler) for SysTick_Handler
    startup_stm32f407xx.o(RESET) refers to stm32f4xx_it.o(i.DMA1_Stream2_IRQHandler) for DMA1_Stream2_IRQHandler
    startup_stm32f407xx.o(RESET) refers to stm32f4xx_it.o(i.DMA1_Stream5_IRQHandler) for DMA1_Stream5_IRQHandler
    startup_stm32f407xx.o(RESET) refers to stm32f4xx_it.o(i.DMA1_Stream6_IRQHandler) for DMA1_Stream6_IRQHandler
    startup_stm32f407xx.o(RESET) refers to stm32f4xx_it.o(i.CAN1_RX0_IRQHandler) for CAN1_RX0_IRQHandler
    startup_stm32f407xx.o(RESET) refers to stm32f4xx_it.o(i.CAN1_RX1_IRQHandler) for CAN1_RX1_IRQHandler
    startup_stm32f407xx.o(RESET) refers to stm32f4xx_it.o(i.TIM1_UP_TIM10_IRQHandler) for TIM1_UP_TIM10_IRQHandler
    startup_stm32f407xx.o(RESET) refers to pick_up.o(i.TIM3_IRQHandler) for TIM3_IRQHandler
    startup_stm32f407xx.o(RESET) refers to stm32f4xx_it.o(i.USART1_IRQHandler) for USART1_IRQHandler
    startup_stm32f407xx.o(RESET) refers to stm32f4xx_it.o(i.USART2_IRQHandler) for USART2_IRQHandler
    startup_stm32f407xx.o(RESET) refers to stm32f4xx_it.o(i.UART4_IRQHandler) for UART4_IRQHandler
    startup_stm32f407xx.o(RESET) refers to stm32f4xx_it.o(i.TIM6_DAC_IRQHandler) for TIM6_DAC_IRQHandler
    startup_stm32f407xx.o(RESET) refers to stm32f4xx_it.o(i.TIM7_IRQHandler) for TIM7_IRQHandler
    startup_stm32f407xx.o(RESET) refers to stm32f4xx_it.o(i.DMA2_Stream1_IRQHandler) for DMA2_Stream1_IRQHandler
    startup_stm32f407xx.o(RESET) refers to stm32f4xx_it.o(i.DMA2_Stream2_IRQHandler) for DMA2_Stream2_IRQHandler
    startup_stm32f407xx.o(RESET) refers to stm32f4xx_it.o(i.CAN2_RX0_IRQHandler) for CAN2_RX0_IRQHandler
    startup_stm32f407xx.o(RESET) refers to stm32f4xx_it.o(i.CAN2_RX1_IRQHandler) for CAN2_RX1_IRQHandler
    startup_stm32f407xx.o(RESET) refers to stm32f4xx_it.o(i.DMA2_Stream6_IRQHandler) for DMA2_Stream6_IRQHandler
    startup_stm32f407xx.o(RESET) refers to stm32f4xx_it.o(i.DMA2_Stream7_IRQHandler) for DMA2_Stream7_IRQHandler
    startup_stm32f407xx.o(RESET) refers to stm32f4xx_it.o(i.USART6_IRQHandler) for USART6_IRQHandler
    startup_stm32f407xx.o(.text) refers to system_stm32f4xx.o(i.SystemInit) for SystemInit
    startup_stm32f407xx.o(.text) refers to entry.o(.ARM.Collect$$$$00000000) for __main
    main.o(i.HAL_TIM_PeriodElapsedCallback) refers to stm32f4xx_hal.o(i.HAL_IncTick) for HAL_IncTick
    main.o(i.LL_DMA_DisableFifoMode) refers to main.o(.constdata) for STREAM_OFFSET_TAB
    main.o(i.LL_DMA_SetChannelSelection) refers to main.o(.constdata) for STREAM_OFFSET_TAB
    main.o(i.LL_DMA_SetDataTransferDirection) refers to main.o(.constdata) for STREAM_OFFSET_TAB
    main.o(i.LL_DMA_SetMemoryIncMode) refers to main.o(.constdata) for STREAM_OFFSET_TAB
    main.o(i.LL_DMA_SetMemorySize) refers to main.o(.constdata) for STREAM_OFFSET_TAB
    main.o(i.LL_DMA_SetMode) refers to main.o(.constdata) for STREAM_OFFSET_TAB
    main.o(i.LL_DMA_SetPeriphIncMode) refers to main.o(.constdata) for STREAM_OFFSET_TAB
    main.o(i.LL_DMA_SetPeriphSize) refers to main.o(.constdata) for STREAM_OFFSET_TAB
    main.o(i.LL_DMA_SetStreamPriorityLevel) refers to main.o(.constdata) for STREAM_OFFSET_TAB
    main.o(i.LL_TIM_OC_DisableFast) refers to main.o(.constdata) for OFFSET_TAB_CCMRx
    main.o(i.LL_TIM_OC_EnablePreload) refers to main.o(.constdata) for OFFSET_TAB_CCMRx
    main.o(i.MX_ADC1_Init) refers to stm32f4xx_hal_adc.o(i.HAL_ADC_Init) for HAL_ADC_Init
    main.o(i.MX_ADC1_Init) refers to main.o(i.Error_Handler) for Error_Handler
    main.o(i.MX_ADC1_Init) refers to stm32f4xx_hal_adc.o(i.HAL_ADC_ConfigChannel) for HAL_ADC_ConfigChannel
    main.o(i.MX_ADC1_Init) refers to main.o(.bss) for hadc1
    main.o(i.MX_CAN1_Init) refers to stm32f4xx_hal_can.o(i.HAL_CAN_Init) for HAL_CAN_Init
    main.o(i.MX_CAN1_Init) refers to main.o(i.Error_Handler) for Error_Handler
    main.o(i.MX_CAN1_Init) refers to main.o(.bss) for hcan1
[...]
    i.makeFreeRtosPriority                   0x08004d08   Section        0  cmsis_os.o(i.makeFreeRtosPriority)
    makeFreeRtosPriority                     0x08004d09   Thumb Code    14  cmsis_os.o(i.makeFreeRtosPriority)
    i.miniPC_call_back                       0x08004d18   Section        0  system_communication.o(i.miniPC_call_back)
    miniPC_call_back                         0x08004d19   Thumb Code    54  system_communication.o(i.miniPC_call_back)
    i.motor_angle_pid_cal_callback           0x08004d5c   Section        0  drv_motor.o(i.motor_angle_pid_cal_callback)
    i.motor_driver_can1                      0x08004dac   Section        0  drv_motor.o(i.motor_driver_can1)
    i.motor_driver_can2                      0x08004dec   Section        0  drv_motor.o(i.motor_driver_can2)
    i.motor_speed_pid_cal_callback           0x08004e2c   Section        0  drv_motor.o(i.motor_speed_pid_cal_callback)
    i.osKernelStart                          0x08004e5a   Section        0  cmsis_os.o(i.osKernelStart)
    i.osThreadCreate                         0x08004e64   Section        0  cmsis_os.o(i.osThreadCreate)
    i.osThreadTerminate                      0x08004ec2   Section        0  cmsis_os.o(i.osThreadTerminate)
    i.pick_motor_10_pid_init                 0x08004ed0   Section        0  pick_up.o(i.pick_motor_10_pid_init)
    i.pick_motor_8_pid_init                  0x08004f10   Section        0  pick_up.o(i.pick_motor_8_pid_init)
    i.pick_motor_angle_pid_cal               0x08004f34   Section        0  pick_up.o(i.pick_motor_angle_pid_cal)
    i.pick_motor_drive                       0x08004f72   Section        0  pick_up.o(i.pick_motor_drive)
    i.pick_solve                             0x08004fa8   Section        0  pick_up.o(i.pick_solve)
    i.pick_task                              0x08005028   Section        0  pick_up.o(i.pick_task)
    i.pick_task_start                        0x080050a4   Section        0  r1.o(i.pick_task_start)
    i.pid_angle_init_callback                0x080050d4   Section        0  drv_motor.o(i.pid_angle_init_callback)
    i.pid_speed_init_callback                0x08005116   Section        0  drv_motor.o(i.pid_speed_init_callback)
    i.prvAddCurrentTaskToDelayedList         0x08005158   Section        0  tasks.o(i.prvAddCurrentTaskToDelayedList)
    prvAddCurrentTaskToDelayedList           0x08005159   Thumb Code   124  tasks.o(i.prvAddCurrentTaskToDelayedList)
    i.prvAddNewTaskToReadyList               0x080051f0   Section        0  tasks.o(i.prvAddNewTaskToReadyList)
    prvAddNewTaskToReadyList                 0x080051f1   Thumb Code   156  tasks.o(i.prvAddNewTaskToReadyList)
    i.prvCheckTasksWaitingTermination        0x080052a8   Section        0  tasks.o(i.prvCheckTasksWaitingTermination)
    prvCheckTasksWaitingTermination          0x080052a9   Thumb Code    60  tasks.o(i.prvCheckTasksWaitingTermination)
    i.prvDeleteTCB                           0x080052f0   Section        0  tasks.o(i.prvDeleteTCB)
    prvDeleteTCB                             0x080052f1   Thumb Code    80  tasks.o(i.prvDeleteTCB)
    i.prvHeapInit                            0x08005340   Section        0  heap_4.o(i.prvHeapInit)
    prvHeapInit                              0x08005341   Thumb Code    98  heap_4.o(i.prvHeapInit)
    i.prvIdleTask                            0x080053bc   Section        0  tasks.o(i.prvIdleTask)
    prvIdleTask                              0x080053bd   Thumb Code    36  tasks.o(i.prvIdleTask)
    i.prvInitialiseNewTask                   0x080053e8   Section        0  tasks.o(i.prvInitialiseNewTask)
    prvInitialiseNewTask                     0x080053e9   Thumb Code   190  tasks.o(i.prvInitialiseNewTask)
    i.prvInitialiseTaskLists                 0x080054a8   Section        0  tasks.o(i.prvInitialiseTaskLists)
    prvInitialiseTaskLists                   0x080054a9   Thumb Code    70  tasks.o(i.prvInitialiseTaskLists)
    i.prvInsertBlockIntoFreeList             0x08005510   Section        0  heap_4.o(i.prvInsertBlockIntoFreeList)
    prvInsertBlockIntoFreeList               0x08005511   Thumb Code    96  heap_4.o(i.prvInsertBlockIntoFreeList)
    i.prvResetNextTaskUnblockTime            0x08005578   Section        0  tasks.o(i.prvResetNextTaskUnblockTime)
    prvResetNextTaskUnblockTime              0x08005579   Thumb Code    42  tasks.o(i.prvResetNextTaskUnblockTime)
    i.prvTaskExitError                       0x080055ac   Section        0  port.o(i.prvTaskExitError)
    prvTaskExitError                         0x080055ad   Thumb Code    60  port.o(i.prvTaskExitError)
    i.pvPortMalloc                           0x080055ec   Section        0  heap_4.o(i.pvPortMalloc)
    i.pxPortInitialiseStack                  0x08005738   Section        0  port.o(i.pxPortInitialiseStack)
    i.status_change_callback                 0x08005764   Section        0  status.o(i.status_change_callback)
    i.status_remote_callback                 0x080057f8   Section        0  status.o(i.status_remote_callback)
    i.uart4_IQR_Service                      0x08005834   Section        0  bsp_usart.o(i.uart4_IQR_Service)
    i.usart1_IQR_Service                     0x08005958   Section        0  bsp_usart.o(i.usart1_IQR_Service)
    i.usart2_IQR_Service                     0x08005a60   Section        0  bsp_usart.o(i.usart2_IQR_Service)
    i.usart6_IQR_Service                     0x08005b78   Section        0  bsp_usart.o(i.usart6_IQR_Service)
    i.uxListRemove                           0x08005cb0   Section        0  list.o(i.uxListRemove)
    i.vApplicationGetIdleTaskMemory          0x08005cd8   Section        0  freertos.o(i.vApplicationGetIdleTaskMemory)
    i.vApplicationIdleHook                   0x08005cf0   Section        0  freertos.o(i.vApplicationIdleHook)
    i.vListInitialise                        0x08005cf2   Section        0  list.o(i.vListInitialise)
    i.vListInitialiseItem                    0x08005d0c   Section        0  list.o(i.vListInitialiseItem)
    i.vListInsert                            0x08005d12   Section        0  list.o(i.vListInsert)
    i.vListInsertEnd                         0x08005d46   Section        0  list.o(i.vListInsertEnd)
    i.vPortEnterCritical                     0x08005d60   Section        0  port.o(i.vPortEnterCritical)
    i.vPortExitCritical                      0x08005db4   Section        0  port.o(i.vPortExitCritical)
    i.vPortFree                              0x08005df0   Section        0  heap_4.o(i.vPortFree)
    i.vPortSetupTimerInterrupt               0x08005e94   Section        0  port.o(i.vPortSetupTimerInterrupt)
    i.vPortValidateInterruptPriority         0x08005ebc   Section        0  port.o(i.vPortValidateInterruptPriority)
    i.vTaskDelay                             0x08005f34   Section        0  tasks.o(i.vTaskDelay)
    i.vTaskDelete                            0x08005f90   Section        0  tasks.o(i.vTaskDelete)
    i.vTaskStartScheduler                    0x08006084   Section        0  tasks.o(i.vTaskStartScheduler)
    i.vTaskSuspendAll                        0x08006134   Section        0  tasks.o(i.vTaskSuspendAll)
    i.vTaskSwitchContext                     0x08006144   Section        0  tasks.o(i.vTaskSwitchContext)
    i.xPortStartScheduler                    0x080061d0   Section        0  port.o(i.xPortStartScheduler)
    i.xTaskCreate                            0x08006338   Section        0  tasks.o(i.xTaskCreate)
    i.xTaskCreateStatic                      0x0800639c   Section        0  tasks.o(i.xTaskCreateStatic)
    i.xTaskGenericNotifyFromISR              0x08006458   Section        0  tasks.o(i.xTaskGenericNotifyFromISR)
    i.xTaskIncrementTick                     0x080065c0   Section        0  tasks.o(i.xTaskIncrementTick)
    i.xTaskNotifyWait                        0x08006708   Section        0  tasks.o(i.xTaskNotifyWait)
    i.xTaskResumeAll                         0x080067a8   Section        0  tasks.o(i.xTaskResumeAll)
    .constdata                               0x080068ac   Section       72  main.o(.constdata)
    STREAM_OFFSET_TAB                        0x080068ac   Data           8  main.o(.constdata)
    OFFSET_TAB_CCMRx                         0x080068b4   Data           7  main.o(.constdata)
    SHIFT_TAB_OCxx                           0x080068bb   Data           7  main.o(.constdata)
    SHIFT_TAB_ICxx                           0x080068c2   Data           7  main.o(.constdata)
    SHIFT_TAB_CCxP                           0x080068c9   Data           7  main.o(.constdata)
    SHIFT_TAB_OISx                           0x080068d0   Data           7  main.o(.constdata)
    .constdata                               0x080068f4   Section       24  system_stm32f4xx.o(.constdata)
    .constdata                               0x0800690c   Section       43  bsp_usart.o(.constdata)
    STREAM_OFFSET_TAB                        0x0800690c   Data           8  bsp_usart.o(.constdata)
    OFFSET_TAB_CCMRx                         0x08006914   Data           7  bsp_usart.o(.constdata)
    SHIFT_TAB_OCxx                           0x0800691b   Data           7  bsp_usart.o(.constdata)
    SHIFT_TAB_ICxx                           0x08006922   Data           7  bsp_usart.o(.constdata)
    SHIFT_TAB_CCxP                           0x08006929   Data           7  bsp_usart.o(.constdata)
    SHIFT_TAB_OISx                           0x08006930   Data           7  bsp_usart.o(.constdata)
    .conststring                             0x08006938   Section       12  main.o(.conststring)
    .data                                    0x20000000   Section       12  main.o(.data)
    .data                                    0x2000000c   Section        4  stm32f4xx_hal_msp.o(.data)
    HAL_RCC_CAN1_CLK_ENABLED                 0x2000000c   Data           4  stm32f4xx_hal_msp.o(.data)
    .data                                    0x20000010   Section        9  stm32f4xx_hal.o(.data)
    .data                                    0x2000001c   Section        4  system_stm32f4xx.o(.data)
    .data                                    0x20000020   Section        4  system_start.o(.data)
    .data                                    0x20000024   Section       24  system_driver.o(.data)
    DR16_TaskWoken                           0x2000002c   Data           4  system_driver.o(.data)
    DR16_Port                                0x20000030   Data           8  system_driver.o(.data)
    RCPort                                   0x20000038   Data           4  system_driver.o(.data)
    .data                                    0x2000003c   Section       36  system_communication.o(.data)
    miniPC_TaskWoken                         0x20000044   Data           4  system_communication.o(.data)
    miniPC_port                              0x20000048   Data           8  system_communication.o(.data)
    BT_TaskWoken                             0x20000050   Data           4  system_communication.o(.data)
    BT_port                                  0x20000054   Data           8  system_communication.o(.data)
    UC_RxPort                                0x2000005c   Data           4  system_communication.o(.data)
    .data                                    0x20000060   Section       16  drv_motor.o(.data)
    Data                                     0x20000060   Data           8  drv_motor.o(.data)
    Data                                     0x20000068   Data           8  drv_motor.o(.data)
    .data                                    0x20000070   Section        8  bsp_usart.o(.data)
    this_time_rx_len                         0x20000070   Data           2  bsp_usart.o(.data)
    this_time_rx_len                         0x20000072   Data           2  bsp_usart.o(.data)
    this_time_rx_len                         0x20000074   Data           2  bsp_usart.o(.data)
    this_time_rx_len                         0x20000076   Data           2  bsp_usart.o(.data)
    .data                                    0x20000078   Section        8  bsp_can.o(.data)
    pCAN1_RxCpltCallback                     0x20000078   Data           4  bsp_can.o(.data)
    pCAN2_RxCpltCallback                     0x2000007c   Data           4  bsp_can.o(.data)
    .data                                    0x20000080   Section        5  bsp_timer.o(.data)
    delay_mode                               0x20000084   Data           1  bsp_timer.o(.data)
    .data                                    0x20000088   Section       60  tasks.o(.data)
    pxDelayedTaskList                        0x2000008c   Data           4  tasks.o(.data)
    pxOverflowDelayedTaskList                0x20000090   Data           4  tasks.o(.data)
    uxDeletedTasksWaitingCleanUp             0x20000094   Data           4  tasks.o(.data)
    uxCurrentNumberOfTasks                   0x20000098   Data           4  tasks.o(.data)
    xTickCount                               0x2000009c   Data           4  tasks.o(.data)
    uxTopReadyPriority                       0x200000a0   Data           4  tasks.o(.data)
    xSchedulerRunning                        0x200000a4   Data           4  tasks.o(.data)
    xPendedTicks                             0x200000a8   Data           4  tasks.o(.data)
    xYieldPending                            0x200000ac   Data           4  tasks.o(.data)
    xNumOfOverflows                          0x200000b0   Data           4  tasks.o(.data)
    uxTaskNumber                             0x200000b4   Data           4  tasks.o(.data)
    xNextTaskUnblockTime                     0x200000b8   Data           4  tasks.o(.data)
    xIdleTaskHandle                          0x200000bc   Data           4  tasks.o(.data)
    uxSchedulerSuspended                     0x200000c0   Data           4  tasks.o(.data)
    .data                                    0x200000c4   Section       32  heap_4.o(.data)
    xStart                                   0x200000c4   Data           8  heap_4.o(.data)
    pxEnd                                    0x200000cc   Data           4  heap_4.o(.data)
    xFreeBytesRemaining                      0x200000d0   Data           4  heap_4.o(.data)
    xMinimumEverFreeBytesRemaining           0x200000d4   Data           4  heap_4.o(.data)
    xNumberOfSuccessfulAllocations           0x200000d8   Data           4  heap_4.o(.data)
    xNumberOfSuccessfulFrees                 0x200000dc   Data           4  heap_4.o(.data)
    xBlockAllocatedBit                       0x200000e0   Data           4  heap_4.o(.data)
    .data                                    0x200000e4   Section       12  port.o(.data)
    uxCriticalNesting                        0x200000e4   Data           4  port.o(.data)
    ucMaxSysCallPriority                     0x200000e8   Data           1  port.o(.data)
    ulMaxPRIGROUPValue                       0x200000ec   Data           4  port.o(.data)
    .data                                    0x200000f0   Section       24  chassis.o(.data)
    chassis_pid_param                        0x200000f0   Data          24  chassis.o(.data)
    .data                                    0x20000108   Section       51  pick_up.o(.data)
    pick_speed_pid_param                     0x20000108   Data          24  pick_up.o(.data)
    pick_angle_pid_param                     0x20000120   Data          24  pick_up.o(.data)
    .data                                    0x2000013c   Section        8  r1.o(.data)
    Chssis_Task_Handler                      0x2000013c   Data           4  r1.o(.data)
    Pick_Task_Handler                        0x20000140   Data           4  r1.o(.data)
    .bss                                     0x20000144   Section      152  main.o(.bss)
    .bss                                     0x200001dc   Section      348  freertos.o(.bss)
    xIdleTaskTCBBuffer                       0x200001dc   Data          92  freertos.o(.bss)
    xIdleStack                               0x20000238   Data         256  freertos.o(.bss)
    .bss                                     0x20000338   Section       72  stm32f4xx_hal_timebase_tim.o(.bss)
    .bss                                     0x20000380   Section      264  system_datapool.o(.bss)
    .bss                                     0x20000488   Section       12  drv_dr16.o(.bss)
    .bss                                     0x20000494   Section      128  bsp_usart.o(.bss)
    usart_manage_obj                         0x20000494   Data         128  bsp_usart.o(.bss)
    .bss                                     0x20000514   Section      120  bsp_can.o(.bss)
    Tx_Header                                0x20000514   Data          24  bsp_can.o(.bss)
    Tx_Header                                0x2000052c   Data          24  bsp_can.o(.bss)
    CAN_RxBuffer                             0x20000544   Data          36  bsp_can.o(.bss)
    CAN_RxBuffer                             0x20000568   Data          36  bsp_can.o(.bss)
    .bss                                     0x2000058c   Section      240  tasks.o(.bss)
    pxReadyTasksLists                        0x2000058c   Data         140  tasks.o(.bss)
    xDelayedTaskList1                        0x20000618   Data          20  tasks.o(.bss)
    xDelayedTaskList2                        0x2000062c   Data          20  tasks.o(.bss)
    xPendingReadyList                        0x20000640   Data          20  tasks.o(.bss)
    xTasksWaitingTermination                 0x20000654   Data          20  tasks.o(.bss)
    xSuspendedTaskList                       0x20000668   Data          20  tasks.o(.bss)
    .bss                                     0x2000067c   Section    15360  heap_4.o(.bss)
    ucHeap                                   0x2000067c   Data       15360  heap_4.o(.bss)
    .bss                                     0x2000427c   Section     1544  r1.o(.bss)
    STACK                                    0x20004888   Section     1024  startup_stm32f407xx.o(STACK)

    Global Symbols

    Symbol Name                              Value     Ov Type        Size  Object(Section)

    BuildAttributes$$THM_ISAv4$E$P$D$K$B$S$7EM$VFPi3$EXTD16$VFPS$VFMA$PE$A:L22UL41UL21$X:L11$S22US41US21$IEEE1$IW$USESV6$~STKCKD$USESV7$~SHL$OSPACE$ROPI$EBA8$MICROLIB$REQ8$PRES8$EABIv2 0x00000000   Number         0  anon$$obj.o ABSOLUTE
    __ARM_use_no_argv                        0x00000000   Number         0  main.o ABSOLUTE
    __arm_fini_                               - Undefined Weak Reference
    __cpp_initialize__aeabi_                  - Undefined Weak Reference
    __cxa_finalize                            - Undefined Weak Reference
    _clock_init                               - Undefined Weak Reference
    _microlib_exit                            - Undefined Weak Reference
    __Vectors_Size                           0x00000188   Number         0  startup_stm32f407xx.o ABSOLUTE
    __Vectors                                0x08000000   Data           4  startup_stm32f407xx.o(RESET)
    __Vectors_End                            0x08000188   Data           0  startup_stm32f407xx.o(RESET)
    __main                                   0x08000189   Thumb Code     0  entry.o(.ARM.Collect$$$$00000000)
    _main_stk                                0x08000189   Thumb Code     0  entry2.o(.ARM.Collect$$$$00000001)
    _main_scatterload                        0x0800018d   Thumb Code     0  entry5.o(.ARM.Collect$$$$00000004)
    __main_after_scatterload                 0x08000191   Thumb Code     0  entry5.o(.ARM.Collect$$$$00000004)
    _main_clock                              0x08000191   Thumb Code     0  entry7b.o(.ARM.Collect$$$$00000008)
    _main_cpp_init                           0x08000191   Thumb Code     0  entry8b.o(.ARM.Collect$$$$0000000A)
    _main_init                               0x08000191   Thumb Code     0  entry9a.o(.ARM.Collect$$$$0000000B)
    __rt_lib_shutdown_fini                   0x08000199   Thumb Code     0  entry12b.o(.ARM.Collect$$$$0000000E)
    __rt_final_cpp                           0x0800019d   Thumb Code     0  entry10a.o(.ARM.Collect$$$$0000000F)
    __rt_final_exit                          0x0800019d   Thumb Code     0  entry11a.o(.ARM.Collect$$$$00000011)
    SVC_Handler                              0x080001a1   Thumb Code    28  port.o(.emb_text)
    __asm___6_port_c_39a90d8d__prvStartFirstTask 0x080001c1   Thumb Code    36  port.o(.emb_text)
    __asm___6_port_c_39a90d8d__prvEnableVFP  0x080001e9   Thumb Code    16  port.o(.emb_text)
    PendSV_Handler                           0x080001fd   Thumb Code    88  port.o(.emb_text)
    vPortGetIPSR                             0x08000259   Thumb Code     6  port.o(.emb_text)
    Reset_Handler                            0x08000261   Thumb Code     8  startup_stm32f407xx.o(.text)
    ADC_IRQHandler                           0x0800027b   Thumb Code     0  startup_stm32f407xx.o(.text)
    CAN1_SCE_IRQHandler                      0x0800027b   Thumb Code     0  startup_stm32f407xx.o(.text)
    CAN1_TX_IRQHandler                       0x0800027b   Thumb Code     0  startup_stm32f407xx.o(.text)
    CAN2_SCE_IRQHandler                      0x0800027b   Thumb Code     0  startup_stm32f407xx.o(.text)
    CAN2_TX_IRQHandler                       0x0800027b   Thumb Code     0  startup_stm32f407xx.o(.text)
    DCMI_IRQHandler                          0x0800027b   Thumb Code     0  startup_stm32f407xx.o(.text)
    DMA1_Stream0_IRQHandler                  0x0800027b   Thumb Code     0  startup_stm32f407xx.o(.text)
    DMA1_Stream1_IRQHandler                  0x0800027b   Thumb Code     0  startup_stm32f407xx.o(.text)
    DMA1_Stream3_IRQHandler                  0x0800027b   Thumb Code     0  startup_stm32f407xx.o(.text)
    DMA1_Stream4_IRQHandler                  0x0800027b   Thumb Code     0  startup_stm32f407xx.o(.text)
    DMA1_Stream7_IRQHandler                  0x0800027b   Thumb Code     0  startup_stm32f407xx.o(.text)
    DMA2_Stream0_IRQHandler                  0x0800027b   Thumb Code     0  startup_stm32f407xx.o(.text)
    DMA2_Stream3_IRQHandler                  0x0800027b   Thumb Code     0  startup_stm32f407xx.o(.text)
    DMA2_Stream4_IRQHandler                  0x0800027b   Thumb Code     0  startup_stm32f407xx.o(.text)
    DMA2_Stream5_IRQHandler                  0x0800027b   Thumb Code     0  startup_stm32f407xx.o(.text)
    ETH_IRQHandler                           0x0800027b   Thumb Code     0  startup_stm32f407xx.o(.text)
    ETH_WKUP_IRQHandler                      0x0800027b   Thumb Code     0  startup_stm32f407xx.o(.text)
    EXTI0_IRQHandler                         0x0800027b   Thumb Code     0  startup_stm32f407xx.o(.text)
    EXTI15_10_IRQHandler                     0x0800027b   Thumb Code     0  startup_stm32f407xx.o(.text)
    EXTI1_IRQHandler                         0x0800027b   Thumb Code     0  startup_stm32f407xx.o(.text)
    EXTI2_IRQHandler                         0x0800027b   Thumb Code     0  startup_stm32f407xx.o(.text)
    EXTI3_IRQHandler                         0x0800027b   Thumb Code     0  startup_stm32f407xx.o(.text)
    EXTI4_IRQHandler                         0x0800027b   Thumb Code     0  startup_stm32f407xx.o(.text)
    EXTI9_5_IRQHandler                       0x0800027b   Thumb Code     0  startup_stm32f407xx.o(.text)
    FLASH_IRQHandler                         0x0800027b   Thumb Code     0  startup_stm32f407xx.o(.text)
    FMC_IRQHandler                           0x0800027b   Thumb Code     0  startup_stm32f407xx.o(.text)
    FPU_IRQHandler                           0x0800027b   Thumb Code     0  startup_stm32f407xx.o(.text)
    HASH_RNG_IRQHandler                      0x0800027b   Thumb Code     0  startup_stm32f407xx.o(.text)
    I2C1_ER_IRQHandler                       0x0800027b   Thumb Code     0  startup_stm32f407xx.o(.text)
    I2C1_EV_IRQHandler                       0x0800027b   Thumb Code     0  startup_stm32f407xx.o(.text)
    I2C2_ER_IRQHandler                       0x0800027b   Thumb Code     0  startup_stm32f407xx.o(.text)
    I2C2_EV_IRQHandler                       0x0800027b   Thumb Code     0  startup_stm32f407xx.o(.text)
    I2C3_ER_IRQHandler                       0x0800027b   Thumb Code     0  startup_stm32f407xx.o(.text)
    I2C3_EV_IRQHandler                       0x0800027b   Thumb Code     0  startup_stm32f407xx.o(.text)
    OTG_FS_IRQHandler                        0x0800027b   Thumb Code     0  startup_stm32f407xx.o(.text)
    OTG_FS_WKUP_IRQHandler                   0x0800027b   Thumb Code     0  startup_stm32f407xx.o(.text)
    OTG_HS_EP1_IN_IRQHandler                 0x0800027b   Thumb Code     0  startup_stm32f407xx.o(.text)
    OTG_HS_EP1_OUT_IRQHandler                0x0800027b   Thumb Code     0  startup_stm32f407xx.o(.text)
    OTG_HS_IRQHandler                        0x0800027b   Thumb Code     0  startup_stm32f407xx.o(.text)
    OTG_HS_WKUP_IRQHandler                   0x0800027b   Thumb Code     0  startup_stm32f407xx.o(.text)
    PVD_IRQHandler                           0x0800027b   Thumb Code     0  startup_stm32f407xx.o(.text)
    RCC_IRQHandler                           0x0800027b   Thumb Code     0  startup_stm32f407xx.o(.text)
    RTC_Alarm_IRQHandler                     0x0800027b   Thumb Code     0  startup_stm32f407xx.o(.text)
    RTC_WKUP_IRQHandler                      0x0800027b   Thumb Code     0  startup_stm32f407xx.o(.text)
    SDIO_IRQHandler                          0x0800027b   Thumb Code     0  startup_stm32f407xx.o(.text)
    SPI1_IRQHandler                          0x0800027b   Thumb Code     0  startup_stm32f407xx.o(.text)
    SPI2_IRQHandler                          0x0800027b   Thumb Code     0  startup_stm32f407xx.o(.text)
    SPI3_IRQHandler                          0x0800027b   Thumb Code     0  startup_stm32f407xx.o(.text)
    TAMP_STAMP_IRQHandler                    0x0800027b   Thumb Code     0  startup_stm32f407xx.o(.text)
    TIM1_BRK_TIM9_IRQHandler                 0x0800027b   Thumb Code     0  startup_stm32f407xx.o(.text)
    TIM1_CC_IRQHandler                       0x0800027b   Thumb Code     0  startup_stm32f407xx.o(.text)
    TIM1_TRG_COM_TIM11_IRQHandler            0x0800027b   Thumb Code     0  startup_stm32f407xx.o(.text)
    TIM2_IRQHandler                          0x0800027b   Thumb Code     0  startup_stm32f407xx.o(.text)
    TIM4_IRQHandler                          0x0800027b   Thumb Code     0  startup_stm32f407xx.o(.text)
    TIM5_IRQHandler                          0x0800027b   Thumb Code     0  startup_stm32f407xx.o(.text)
    TIM8_BRK_TIM12_IRQHandler                0x0800027b   Thumb Code     0  startup_stm32f407xx.o(.text)
    TIM8_CC_IRQHandler                       0x0800027b   Thumb Code     0  startup_stm32f407xx.o(.text)
    TIM8_TRG_COM_TIM14_IRQHandler            0x0800027b   Thumb Code     0  startup_stm32f407xx.o(.text)
    TIM8_UP_TIM13_IRQHandler                 0x0800027b   Thumb Code     0  startup_stm32f407xx.o(.text)
    UART5_IRQHandler                         0x0800027b   Thumb Code     0  startup_stm32f407xx.o(.text)
    USART3_IRQHandler                        0x0800027b   Thumb Code     0  startup_stm32f407xx.o(.text)
    WWDG_IRQHandler                          0x0800027b   Thumb Code     0  startup_stm32f407xx.o(.text)
    __aeabi_uldivmod                         0x08000285   Thumb Code    98  uldiv.o(.text)
    __aeabi_memcpy                           0x080002e7   Thumb Code    36  memcpya.o(.text)
    __aeabi_memcpy4                          0x080002e7   Thumb Code     0  memcpya.o(.text)
    __aeabi_memcpy8                          0x080002e7   Thumb Code     0  memcpya.o(.text)
    __aeabi_memset                           0x0800030b   Thumb Code    14  memseta.o(.text)
    __aeabi_memset4                          0x0800030b   Thumb Code     0  memseta.o(.text)
    __aeabi_memset8                          0x0800030b   Thumb Code     0  memseta.o(.text)
    __aeabi_memclr                           0x08000319   Thumb Code     4  memseta.o(.text)
    __aeabi_memclr4                          0x08000319   Thumb Code     0  memseta.o(.text)
    __aeabi_memclr8                          0x08000319   Thumb Code     0  memseta.o(.text)
    memset                                   0x0800031d   Thumb Code    18  memseta.o(.text)
    __aeabi_llsl                             0x0800032f   Thumb Code    30  llshl.o(.text)
    _ll_shift_l                              0x0800032f   Thumb Code     0  llshl.o(.text)
    __aeabi_llsr                             0x0800034d   Thumb Code    32  llushr.o(.text)
    _ll_ushift_r                             0x0800034d   Thumb Code     0  llushr.o(.text)
    __scatterload                            0x0800036d   Thumb Code    28  init.o(.text)
    __scatterload_rt2                        0x0800036d   Thumb Code     0  init.o(.text)
    __decompress                             0x08000391   Thumb Code     0  __dczerorl2.o(.text)
    __decompress1                            0x08000391   Thumb Code    86  __dczerorl2.o(.text)
    BusFault_Handler                         0x08000549   Thumb Code     4  stm32f4xx_it.o(i.BusFault_Handler)
    CAN1_RX0_IRQHandler                      0x0800054d   Thumb Code    10  stm32f4xx_it.o(i.CAN1_RX0_IRQHandler)
    CAN1_RX1_IRQHandler                      0x0800055d   Thumb Code    10  stm32f4xx_it.o(i.CAN1_RX1_IRQHandler)
    CAN2_RX0_IRQHandler                      0x0800056d   Thumb Code    10  stm32f4xx_it.o(i.CAN2_RX0_IRQHandler)
    CAN2_RX1_IRQHandler                      0x0800057d   Thumb Code    10  stm32f4xx_it.o(i.CAN2_RX1_IRQHandler)
    CAN_Filter_Mask_Config                   0x0800058d   Thumb Code   110  bsp_can.o(i.CAN_Filter_Mask_Config)
    CANx_SendData                            0x080005fd   Thumb Code    48  bsp_can.o(i.CANx_SendData)
    Cylinder_control                         0x08000631   Thumb Code   112  pick_up.o(i.Cylinder_control)
    Cylinder_solve                           0x080006a5   Thumb Code   292  pick_up.o(i.Cylinder_solve)
    DMA1_Stream2_IRQHandler                  0x080007cd   Thumb Code     2  stm32f4xx_it.o(i.DMA1_Stream2_IRQHandler)
    DMA1_Stream5_IRQHandler                  0x080007cf   Thumb Code     2  stm32f4xx_it.o(i.DMA1_Stream5_IRQHandler)
    DMA1_Stream6_IRQHandler                  0x080007d1   Thumb Code     2  stm32f4xx_it.o(i.DMA1_Stream6_IRQHandler)
    DMA2_Stream1_IRQHandler                  0x080007d3   Thumb Code     2  stm32f4xx_it.o(i.DMA2_Stream1_IRQHandler)
    DMA2_Stream2_IRQHandler                  0x080007d5   Thumb Code     2  stm32f4xx_it.o(i.DMA2_Stream2_IRQHandler)
    DMA2_Stream6_IRQHandler                  0x080007d7   Thumb Code     2  stm32f4xx_it.o(i.DMA2_Stream6_IRQHandler)
    DMA2_Stream7_IRQHandler                  0x080007d9   Thumb Code     2  stm32f4xx_it.o(i.DMA2_Stream7_IRQHandler)
    DebugMon_Handler                         0x080007db   Thumb Code     2  stm32f4xx_it.o(i.DebugMon_Handler)
    Driver_motor_DatePrcess                  0x080007dd   Thumb Code   680  drv_motor.o(i.Driver_motor_DatePrcess)
    Error_Handler                            0x08000a89   Thumb Code     6  main.o(i.Error_Handler)
    HAL_ADC_ConfigChannel                    0x08000a91   Thumb Code   380  stm32f4xx_hal_adc.o(i.HAL_ADC_ConfigChannel)
    HAL_ADC_Init                             0x08000c1d   Thumb Code   100  stm32f4xx_hal_adc.o(i.HAL_ADC_Init)
    HAL_ADC_MspInit                          0x08000c85   Thumb Code   114  stm32f4xx_hal_msp.o(i.HAL_ADC_MspInit)
    HAL_CAN_AddTxMessage                     0x08000d05   Thumb Code   342  stm32f4xx_hal_can.o(i.HAL_CAN_AddTxMessage)
    HAL_CAN_ConfigFilter                     0x08000e5d   Thumb Code   286  stm32f4xx_hal_can.o(i.HAL_CAN_ConfigFilter)
    HAL_CAN_ErrorCallback                    0x08000f81   Thumb Code     2  stm32f4xx_hal_can.o(i.HAL_CAN_ErrorCallback)
    HAL_CAN_GetRxMessage                     0x08000f83   Thumb Code   378  stm32f4xx_hal_can.o(i.HAL_CAN_GetRxMessage)
    HAL_CAN_IRQHandler                       0x080010fd   Thumb Code   590  stm32f4xx_hal_can.o(i.HAL_CAN_IRQHandler)
    HAL_CAN_Init                             0x0800134b   Thumb Code   372  stm32f4xx_hal_can.o(i.HAL_CAN_Init)
    HAL_CAN_MspInit                          0x080014c1   Thumb Code   362  stm32f4xx_hal_msp.o(i.HAL_CAN_MspInit)
    HAL_CAN_RxFifo0FullCallback              0x08001645   Thumb Code     2  stm32f4xx_hal_can.o(i.HAL_CAN_RxFifo0FullCallback)
    HAL_CAN_RxFifo0MsgPendingCallback        0x08001649   Thumb Code    72  bsp_can.o(i.HAL_CAN_RxFifo0MsgPendingCallback)
    HAL_CAN_RxFifo1FullCallback              0x080016a5   Thumb Code     2  stm32f4xx_hal_can.o(i.HAL_CAN_RxFifo1FullCallback)
    HAL_CAN_RxFifo1MsgPendingCallback        0x080016a9   Thumb Code    72  bsp_can.o(i.HAL_CAN_RxFifo1MsgPendingCallback)
    HAL_CAN_SleepCallback                    0x08001705   Thumb Code     2  stm32f4xx_hal_can.o(i.HAL_CAN_SleepCallback)
    HAL_CAN_Start                            0x08001707   Thumb Code    94  stm32f4xx_hal_can.o(i.HAL_CAN_Start)
    HAL_CAN_TxMailbox0AbortCallback          0x08001765   Thumb Code     2  stm32f4xx_hal_can.o(i.HAL_CAN_TxMailbox0AbortCallback)
    HAL_CAN_TxMailbox0CompleteCallback       0x08001767   Thumb Code     2  stm32f4xx_hal_can.o(i.HAL_CAN_TxMailbox0CompleteCallback)
    HAL_CAN_TxMailbox1AbortCallback          0x08001769   Thumb Code     2  stm32f4xx_hal_can.o(i.HAL_CAN_TxMailbox1AbortCallback)
    HAL_CAN_TxMailbox1CompleteCallback       0x0800176b   Thumb Code     2  stm32f4xx_hal_can.o(i.HAL_CAN_TxMailbox1CompleteCallback)
    HAL_CAN_TxMailbox2AbortCallback          0x0800176d   Thumb Code     2  stm32f4xx_hal_can.o(i.HAL_CAN_TxMailbox2AbortCallback)
    HAL_CAN_TxMailbox2CompleteCallback       0x0800176f   Thumb Code     2  stm32f4xx_hal_can.o(i.HAL_CAN_TxMailbox2CompleteCallback)
    HAL_CAN_WakeUpFromRxMsgCallback          0x08001771   Thumb Code     2  stm32f4xx_hal_can.o(i.HAL_CAN_WakeUpFromRxMsgCallback)
    HAL_CRC_Init                             0x08001773   Thumb Code    32  stm32f4xx_hal_crc.o(i.HAL_CRC_Init)
    HAL_CRC_MspInit                          0x08001795   Thumb Code    44  stm32f4xx_hal_msp.o(i.HAL_CRC_MspInit)
    HAL_GPIO_Init                            0x080017c9   Thumb Code   454  stm32f4xx_hal_gpio.o(i.HAL_GPIO_Init)
    HAL_GPIO_WritePin                        0x080019bd   Thumb Code    12  stm32f4xx_hal_gpio.o(i.HAL_GPIO_WritePin)
    HAL_GetTick                              0x080019c9   Thumb Code     6  stm32f4xx_hal.o(i.HAL_GetTick)
    HAL_IncTick                              0x080019d5   Thumb Code    16  stm32f4xx_hal.o(i.HAL_IncTick)
    HAL_Init                                 0x080019ed   Thumb Code    54  stm32f4xx_hal.o(i.HAL_Init)
    HAL_InitTick                             0x08001a29   Thumb Code   160  stm32f4xx_hal_timebase_tim.o(i.HAL_InitTick)
    HAL_MspInit                              0x08001add   Thumb Code    78  stm32f4xx_hal_msp.o(i.HAL_MspInit)
    HAL_NVIC_EnableIRQ                       0x08001b31   Thumb Code    32  stm32f4xx_hal_cortex.o(i.HAL_NVIC_EnableIRQ)
    HAL_NVIC_SetPriority                     0x08001b51   Thumb Code   124  stm32f4xx_hal_cortex.o(i.HAL_NVIC_SetPriority)
    HAL_NVIC_SetPriorityGrouping             0x08001bcd   Thumb Code    32  stm32f4xx_hal_cortex.o(i.HAL_NVIC_SetPriorityGrouping)
    HAL_RCC_ClockConfig                      0x08001bf5   Thumb Code   368  stm32f4xx_hal_rcc.o(i.HAL_RCC_ClockConfig)
    HAL_RCC_GetClockConfig                   0x08001d79   Thumb Code    58  stm32f4xx_hal_rcc.o(i.HAL_RCC_GetClockConfig)
    HAL_RCC_GetHCLKFreq                      0x08001dbd   Thumb Code     6  stm32f4xx_hal_rcc.o(i.HAL_RCC_GetHCLKFreq)
    HAL_RCC_GetPCLK1Freq                     0x08001dc9   Thumb Code    22  stm32f4xx_hal_rcc.o(i.HAL_RCC_GetPCLK1Freq)
    HAL_RCC_GetSysClockFreq                  0x08001de9   Thumb Code   162  stm32f4xx_hal_rcc.o(i.HAL_RCC_GetSysClockFreq)
    HAL_RCC_OscConfig                        0x08001e99   Thumb Code  1172  stm32f4xx_hal_rcc.o(i.HAL_RCC_OscConfig)
    HAL_TIMEx_BreakCallback                  0x08002335   Thumb Code     2  stm32f4xx_hal_tim_ex.o(i.HAL_TIMEx_BreakCallback)
    HAL_TIMEx_CommutCallback                 0x08002337   Thumb Code     2  stm32f4xx_hal_tim_ex.o(i.HAL_TIMEx_CommutCallback)
    HAL_TIM_Base_Init                        0x08002339   Thumb Code   102  stm32f4xx_hal_tim.o(i.HAL_TIM_Base_Init)
    HAL_TIM_Base_MspInit                     0x0800239f   Thumb Code     2  stm32f4xx_hal_tim.o(i.HAL_TIM_Base_MspInit)
    HAL_TIM_Base_Start_IT                    0x080023a1   Thumb Code   138  stm32f4xx_hal_tim.o(i.HAL_TIM_Base_Start_IT)
    HAL_TIM_IC_CaptureCallback               0x08002449   Thumb Code     2  stm32f4xx_hal_tim.o(i.HAL_TIM_IC_CaptureCallback)
    HAL_TIM_IRQHandler                       0x0800244b   Thumb Code   406  stm32f4xx_hal_tim.o(i.HAL_TIM_IRQHandler)
    HAL_TIM_OC_DelayElapsedCallback          0x080025e1   Thumb Code     2  stm32f4xx_hal_tim.o(i.HAL_TIM_OC_DelayElapsedCallback)
    HAL_TIM_PWM_PulseFinishedCallback        0x080025e3   Thumb Code     2  stm32f4xx_hal_tim.o(i.HAL_TIM_PWM_PulseFinishedCallback)
    HAL_TIM_PeriodElapsedCallback            0x080025e5   Thumb Code    18  main.o(i.HAL_TIM_PeriodElapsedCallback)
    HAL_TIM_TriggerCallback                  0x080025fd   Thumb Code     2  stm32f4xx_hal_tim.o(i.HAL_TIM_TriggerCallback)
    HardFault_Handler                        0x080025ff   Thumb Code     4  stm32f4xx_it.o(i.HardFault_Handler)
    LL_GPIO_Init                             0x0800285d   Thumb Code   312  stm32f4xx_ll_gpio.o(i.LL_GPIO_Init)
    LL_RCC_GetSystemClocksFreq               0x08002995   Thumb Code    36  stm32f4xx_ll_rcc.o(i.LL_RCC_GetSystemClocksFreq)
    LL_SPI_Init                              0x080029c9   Thumb Code   108  stm32f4xx_ll_spi.o(i.LL_SPI_Init)
    LL_TIM_Init                              0x08002a49   Thumb Code   184  stm32f4xx_ll_tim.o(i.LL_TIM_Init)
    LL_TIM_OC_Init                           0x08002bed   Thumb Code    92  stm32f4xx_ll_tim.o(i.LL_TIM_OC_Init)
    LL_USART_Init                            0x08002cf9   Thumb Code   170  stm32f4xx_ll_usart.o(i.LL_USART_Init)
    MemManage_Handler                        0x08003a49   Thumb Code     4  stm32f4xx_it.o(i.MemManage_Handler)
    NMI_Handler                              0x08003a4d   Thumb Code     4  stm32f4xx_it.o(i.NMI_Handler)
    PID_calc                                 0x08003c81   Thumb Code   558  pid.o(i.PID_calc)
    PID_init                                 0x08003eb5   Thumb Code    76  pid.o(i.PID_init)
    RAMP_float                               0x08003f05   Thumb Code   116  ramp_control.o(i.RAMP_float)
    RCC_GetHCLKClockFreq                     0x08003f7d   Thumb Code    24  stm32f4xx_ll_rcc.o(i.RCC_GetHCLKClockFreq)
    RCC_GetPCLK1ClockFreq                    0x08003f9d   Thumb Code    26  stm32f4xx_ll_rcc.o(i.RCC_GetPCLK1ClockFreq)
    RCC_GetPCLK2ClockFreq                    0x08003fc1   Thumb Code    26  stm32f4xx_ll_rcc.o(i.RCC_GetPCLK2ClockFreq)
    RCC_GetSystemClockFreq                   0x08003fe5   Thumb Code    54  stm32f4xx_ll_rcc.o(i.RCC_GetSystemClockFreq)
    RCC_PLL_GetFreqDomain_SYS                0x08004029   Thumb Code   100  stm32f4xx_ll_rcc.o(i.RCC_PLL_GetFreqDomain_SYS)
    RC_Task                                  0x08004099   Thumb Code    42  system_driver.o(i.RC_Task)
    RTOS_Init                                0x080040d9   Thumb Code    20  system_start.o(i.RTOS_Init)
    StartDefaultTask                         0x080040ed   Thumb Code    16  main.o(i.StartDefaultTask)
    SysTick_Handler                          0x08004101   Thumb Code    46  port.o(i.SysTick_Handler)
    SystemClock_Config                       0x08004135   Thumb Code   170  main.o(i.SystemClock_Config)
    SystemInit                               0x080041e9   Thumb Code    14  system_stm32f4xx.o(i.SystemInit)
    System_App_Init                          0x080041fd   Thumb Code     2  sysetm_app.o(i.System_App_Init)
    System_Communication_Init                0x08004201   Thumb Code   208  system_communication.o(i.System_Communication_Init)
    System_Communication_Loop                0x080042f1   Thumb Code     2  system_communication.o(i.System_Communication_Loop)
    System_Driver_Init                       0x080042f5   Thumb Code    24  system_driver.o(i.System_Driver_Init)
    System_Driver_Loop                       0x08004315   Thumb Code    24  system_driver.o(i.System_Driver_Loop)
    System_Init                              0x0800433d   Thumb Code    44  system_start.o(i.System_Init)
    TIM1_UP_TIM10_IRQHandler                 0x08004371   Thumb Code     2  stm32f4xx_it.o(i.TIM1_UP_TIM10_IRQHandler)
    TIM3_IRQHandler                          0x08004373   Thumb Code     2  pick_up.o(i.TIM3_IRQHandler)
    TIM6_DAC_IRQHandler                      0x08004375   Thumb Code    10  stm32f4xx_it.o(i.TIM6_DAC_IRQHandler)
    TIM7_IRQHandler                          0x08004385   Thumb Code     8  stm32f4xx_it.o(i.TIM7_IRQHandler)
    TIM_Base_SetConfig                       0x0800438d   Thumb Code   170  stm32f4xx_hal_tim.o(i.TIM_Base_SetConfig)
    UART4_IRQHandler                         0x08004465   Thumb Code     8  stm32f4xx_it.o(i.UART4_IRQHandler)
    USART1_IRQHandler                        0x0800446d   Thumb Code     8  stm32f4xx_it.o(i.USART1_IRQHandler)
    USART2_IRQHandler                        0x08004475   Thumb Code     8  stm32f4xx_it.o(i.USART2_IRQHandler)
    USART6_IRQHandler                        0x0800447d   Thumb Code     8  stm32f4xx_it.o(i.USART6_IRQHandler)
    Update_SystemTick                        0x08004485   Thumb Code    36  bsp_timer.o(i.Update_SystemTick)
    UsageFault_Handler                       0x080044b1   Thumb Code     4  stm32f4xx_it.o(i.UsageFault_Handler)
    __scatterload_copy                       0x08004551   Thumb Code    14  handlers.o(i.__scatterload_copy)
    __scatterload_null                       0x0800455f   Thumb Code     2  handlers.o(i.__scatterload_null)
    __scatterload_zeroinit                   0x08004561   Thumb Code    14  handlers.o(i.__scatterload_zeroinit)
    bsp_Timer_Init                           0x080045b5   Thumb Code    46  bsp_timer.o(i.bsp_Timer_Init)
    bsp_can_Init                             0x080045ed   Thumb Code    84  bsp_can.o(i.bsp_can_Init)
    bsp_uart4_Init                           0x08004651   Thumb Code   124  bsp_usart.o(i.bsp_uart4_Init)
    bsp_usart1_Init                          0x080046d9   Thumb Code   148  bsp_usart.o(i.bsp_usart1_Init)
    bsp_usart2_Init                          0x08004779   Thumb Code   148  bsp_usart.o(i.bsp_usart2_Init)
    chassis_max_speed_set                    0x08004819   Thumb Code     6  chassis.o(i.chassis_max_speed_set)
    chassis_motor_drive                      0x0800481f   Thumb Code    66  chassis.o(i.chassis_motor_drive)
    chassis_motor_drive_close                0x08004861   Thumb Code    18  chassis.o(i.chassis_motor_drive_close)
    chassis_motor_pid_cal                    0x08004873   Thumb Code    64  chassis.o(i.chassis_motor_pid_cal)
    chassis_motor_pid_init                   0x080048b5   Thumb Code    34  chassis.o(i.chassis_motor_pid_init)
    chassis_slow_mode                        0x080048dd   Thumb Code    22  chassis.o(i.chassis_slow_mode)
    chassis_solve                            0x080048f9   Thumb Code   310  chassis.o(i.chassis_solve)
    chassis_task                             0x08004a41   Thumb Code    90  chassis.o(i.chassis_task)
    chssis_task_start                        0x08004ab5   Thumb Code    24  r1.o(i.chssis_task_start)
    dr16_DatePrcess                          0x08004ae5   Thumb Code   384  drv_dr16.o(i.dr16_DatePrcess)
    main                                     0x08004c9d   Thumb Code   100  main.o(i.main)
    motor_angle_pid_cal_callback             0x08004d5d   Thumb Code    78  drv_motor.o(i.motor_angle_pid_cal_callback)
    motor_driver_can1                        0x08004dad   Thumb Code    54  drv_motor.o(i.motor_driver_can1)
    motor_driver_can2                        0x08004ded   Thumb Code    54  drv_motor.o(i.motor_driver_can2)
    motor_speed_pid_cal_callback             0x08004e2d   Thumb Code    46  drv_motor.o(i.motor_speed_pid_cal_callback)
    osKernelStart                            0x08004e5b   Thumb Code    10  cmsis_os.o(i.osKernelStart)
    osThreadCreate                           0x08004e65   Thumb Code    94  cmsis_os.o(i.osThreadCreate)
    osThreadTerminate                        0x08004ec3   Thumb Code    14  cmsis_os.o(i.osThreadTerminate)
    pick_motor_10_pid_init                   0x08004ed1   Thumb Code    54  pick_up.o(i.pick_motor_10_pid_init)
    pick_motor_8_pid_init                    0x08004f11   Thumb Code    26  pick_up.o(i.pick_motor_8_pid_init)
    pick_motor_angle_pid_cal                 0x08004f35   Thumb Code    62  pick_up.o(i.pick_motor_angle_pid_cal)
    pick_motor_drive                         0x08004f73   Thumb Code    54  pick_up.o(i.pick_motor_drive)
    pick_solve                               0x08004fa9   Thumb Code   112  pick_up.o(i.pick_solve)
    pick_task                                0x08005029   Thumb Code    90  pick_up.o(i.pick_task)
    pick_task_start                          0x080050a5   Thumb Code    26  r1.o(i.pick_task_start)
    pid_angle_init_callback                  0x080050d5   Thumb Code    66  drv_motor.o(i.pid_angle_init_callback)
    pid_speed_init_callback                  0x08005117   Thumb Code    66  drv_motor.o(i.pid_speed_init_callback)
    pvPortMalloc                             0x080055ed   Thumb Code   306  heap_4.o(i.pvPortMalloc)
    pxPortInitialiseStack                    0x08005739   Thumb Code    38  port.o(i.pxPortInitialiseStack)
    status_change_callback                   0x08005765   Thumb Code   148  status.o(i.status_change_callback)
    status_remote_callback                   0x080057f9   Thumb Code    58  status.o(i.status_remote_callback)
    uart4_IQR_Service                        0x08005835   Thumb Code   276  bsp_usart.o(i.uart4_IQR_Service)
    usart1_IQR_Service                       0x08005959   Thumb Code   248  bsp_usart.o(i.usart1_IQR_Service)
    usart2_IQR_Service                       0x08005a61   Thumb Code   262  bsp_usart.o(i.usart2_IQR_Service)
    usart6_IQR_Service                       0x08005b79   Thumb Code   294  bsp_usart.o(i.usart6_IQR_Service)
    uxListRemove                             0x08005cb1   Thumb Code    40  list.o(i.uxListRemove)
    vApplicationGetIdleTaskMemory            0x08005cd9   Thumb Code    14  freertos.o(i.vApplicationGetIdleTaskMemory)
    vApplicationIdleHook                     0x08005cf1   Thumb Code     2  freertos.o(i.vApplicationIdleHook)
    vListInitialise                          0x08005cf3   Thumb Code    26  list.o(i.vListInitialise)
    vListInitialiseItem                      0x08005d0d   Thumb Code     6  list.o(i.vListInitialiseItem)
    vListInsert                              0x08005d13   Thumb Code    52  list.o(i.vListInsert)
    vListInsertEnd                           0x08005d47   Thumb Code    24  list.o(i.vListInsertEnd)
    vPortEnterCritical                       0x08005d61   Thumb Code    76  port.o(i.vPortEnterCritical)
    vPortExitCritical                        0x08005db5   Thumb Code    56  port.o(i.vPortExitCritical)
    vPortFree                                0x08005df1   Thumb Code   150  heap_4.o(i.vPortFree)
    vPortSetupTimerInterrupt                 0x08005e95   Thumb Code    36  port.o(i.vPortSetupTimerInterrupt)
    vPortValidateInterruptPriority           0x08005ebd   Thumb Code   106  port.o(i.vPortValidateInterruptPriority)
    vTaskDelay                               0x08005f35   Thumb Code    82  tasks.o(i.vTaskDelay)
    vTaskDelete                              0x08005f91   Thumb Code   202  tasks.o(i.vTaskDelete)
    vTaskStartScheduler                      0x08006085   Thumb Code   146  tasks.o(i.vTaskStartScheduler)
    vTaskSuspendAll                          0x08006135   Thumb Code    12  tasks.o(i.vTaskSuspendAll)
    vTaskSwitchContext                       0x08006145   Thumb Code   118  tasks.o(i.vTaskSwitchContext)
    xPortStartScheduler                      0x080061d1   Thumb Code   330  port.o(i.xPortStartScheduler)
    xTaskCreate                              0x08006339   Thumb Code   100  tasks.o(i.xTaskCreate)
    xTaskCreateStatic                        0x0800639d   Thumb Code   186  tasks.o(i.xTaskCreateStatic)
    xTaskGenericNotifyFromISR                0x08006459   Thumb Code   334  tasks.o(i.xTaskGenericNotifyFromISR)
    xTaskIncrementTick                       0x080065c1   Thumb Code   282  tasks.o(i.xTaskIncrementTick)
    xTaskNotifyWait                          0x08006709   Thumb Code   150  tasks.o(i.xTaskNotifyWait)
    xTaskResumeAll                           0x080067a9   Thumb Code   224  tasks.o(i.xTaskResumeAll)
    AHBPrescTable                            0x080068f4   Data          16  system_stm32f4xx.o(.constdata)
    APBPrescTable                            0x08006904   Data           8  system_stm32f4xx.o(.constdata)
    Region$$Table$$Base                      0x08006944   Number         0  anon$$obj.o(Region$$Table)
    Region$$Table$$Limit                     0x08006964   Number         0  anon$$obj.o(Region$$Table)
    hcrc                                     0x20000000   Data           8  main.o(.data)
    defaultTaskHandle                        0x20000008   Data           4  main.o(.data)
    uwTick                                   0x20000010   Data           4  stm32f4xx_hal.o(.data)
    uwTickPrio                               0x20000014   Data           4  stm32f4xx_hal.o(.data)
    uwTickFreq                               0x20000018   Data           1  stm32f4xx_hal.o(.data)
    SystemCoreClock                          0x2000001c   Data           4  system_stm32f4xx.o(.data)
    Systick                                  0x20000020   Data           4  system_start.o(.data)
    RC_Task_Handler                          0x20000024   Data           4  system_driver.o(.data)
    PS2_Task_Handler                         0x20000028   Data           4  system_driver.o(.data)
    UC_tx_Task_Handler                       0x2000003c   Data           4  system_communication.o(.data)
    UC_rx_Task_Handler                       0x20000040   Data           4  system_communication.o(.data)
    SystemTimerCnt                           0x20000080   Data           4  bsp_timer.o(.data)
    pxCurrentTCB                             0x20000088   Data           4  tasks.o(.data)
    cylinder                                 0x20000138   Data           2  pick_up.o(.data)
    timer                                    0x2000013a   Data           1  pick_up.o(.data)
    hadc1                                    0x20000144   Data          72  main.o(.bss)
    hcan1                                    0x2000018c   Data          40  main.o(.bss)
    hcan2                                    0x200001b4   Data          40  main.o(.bss)
    htim6                                    0x20000338   Data          72  stm32f4xx_hal_timebase_tim.o(.bss)
    Usart1_Rx_Buff                           0x20000380   Data          64  system_datapool.o(.bss)
    Usart2_Rx_Buff                           0x200003c0   Data          64  system_datapool.o(.bss)
    Uart4_Rx_Buff                            0x20000400   Data          72  system_datapool.o(.bss)
    Usart6_Rx_Buff                           0x20000448   Data          64  system_datapool.o(.bss)
    rc_ctrl                                  0x20000488   Data          12  drv_dr16.o(.bss)
    r1                                       0x2000427c   Data        1544  r1.o(.bss)
    __initial_sp                             0x20004c88   Data           0  startup_stm32f407xx.o(STACK)



==============================================================================

Memory Map of the image

  Image Entry point : 0x08000189

  Load Region LR_IROM1 (Base: 0x08000000, Size: 0x00006aa8, Max: 0x00080000, ABSOLUTE, COMPRESSED[0x00006994])

    Execution Region ER_IROM1 (Exec base: 0x08000000, Load base: 0x08000000, Size: 0x00006964, Max: 0x00080000, ABSOLUTE)

    Exec Addr    Load Addr    Size         Type   Attr      Idx    E Section Name        Object

    0x08000000   0x08000000   0x00000188   Data   RO            3    RESET               startup_stm32f407xx.o
    0x08000188   0x08000188   0x00000000   Code   RO         7218  * .ARM.Collect$$$$00000000  mc_w.l(entry.o)
    0x08000188   0x08000188   0x00000004   Code   RO         7247    .ARM.Collect$$$$00000001  mc_w.l(entry2.o)
    0x0800018c   0x0800018c   0x00000004   Code   RO         7250    .ARM.Collect$$$$00000004  mc_w.l(entry5.o)
    0x08000190   0x08000190   0x00000000   Code   RO         7252    .ARM.Collect$$$$00000008  mc_w.l(entry7b.o)
    0x08000190   0x08000190   0x00000000   Code   RO         7254    .ARM.Collect$$$$0000000A  mc_w.l(entry8b.o)
    0x08000190   0x08000190   0x00000008   Code   RO         7255    .ARM.Collect$$$$0000000B  mc_w.l(entry9a.o)
    0x08000198   0x08000198   0x00000004   Code   RO         7262    .ARM.Collect$$$$0000000E  mc_w.l(entry12b.o)
    0x0800019c   0x0800019c   0x00000000   Code   RO         7257    .ARM.Collect$$$$0000000F  mc_w.l(entry10a.o)
    0x0800019c   0x0800019c   0x00000000   Code   RO         7259    .ARM.Collect$$$$00000011  mc_w.l(entry11a.o)
    0x0800019c   0x0800019c   0x00000004   Code   RO         7248    .ARM.Collect$$$$00002712  mc_w.l(entry2.o)
    0x080001a0   0x080001a0   0x000000be   Code   RO         6930    .emb_text           port.o
    0x0800025e   0x0800025e   0x00000002   PAD
    0x08000260   0x08000260   0x00000024   Code   RO            4    .text               startup_stm32f407xx.o
    0x08000284   0x08000284   0x00000062   Code   RO         7221    .text               mc_w.l(uldiv.o)
    0x080002e6   0x080002e6   0x00000024   Code   RO         7223    .text               mc_w.l(memcpya.o)
    0x0800030a   0x0800030a   0x00000024   Code   RO         7227    .text               mc_w.l(memseta.o)
    0x0800032e   0x0800032e   0x0000001e   Code   RO         7263    .text               mc_w.l(llshl.o)
    0x0800034c   0x0800034c   0x00000020   Code   RO         7265    .text               mc_w.l(llushr.o)
    0x0800036c   0x0800036c   0x00000024   Code   RO         7272    .text               mc_w.l(init.o)
    0x08000390   0x08000390   0x00000056   Code   RO         7282    .text               mc_w.l(__dczerorl2.o)
    0x080003e6   0x080003e6   0x00000002   PAD
    0x080003e8   0x080003e8   0x00000160   Code   RO          781    i.ADC_Init          stm32f4xx_hal_adc.o
    0x08000548   0x08000548   0x00000004   Code   RO          502    i.BusFault_Handler  stm32f4xx_it.o
    0x0800054c   0x0800054c   0x00000010   Code   RO          503    i.CAN1_RX0_IRQHandler  stm32f4xx_it.o
    0x0800055c   0x0800055c   0x00000010   Code   RO          504    i.CAN1_RX1_IRQHandler  stm32f4xx_it.o
    0x0800056c   0x0800056c   0x00000010   Code   RO          505    i.CAN2_RX0_IRQHandler  stm32f4xx_it.o
    0x0800057c   0x0800057c   0x00000010   Code   RO          506    i.CAN2_RX1_IRQHandler  stm32f4xx_it.o
    0x0800058c   0x0800058c   0x0000006e   Code   RO         5079    i.CAN_Filter_Mask_Config  bsp_can.o
    0x080005fa   0x080005fa   0x00000002   PAD
    0x080005fc   0x080005fc   0x00000034   Code   RO         5080    i.CANx_SendData     bsp_can.o
    0x08000630   0x08000630   0x00000074   Code   RO         7083    i.Cylinder_control  pick_up.o
    0x080006a4   0x080006a4   0x00000128   Code   RO         7084    i.Cylinder_solve    pick_up.o
    0x080007cc   0x080007cc   0x00000002   Code   RO          507    i.DMA1_Stream2_IRQHandler  stm32f4xx_it.o
    0x080007ce   0x080007ce   0x00000002   Code   RO          508    i.DMA1_Stream5_IRQHandler  stm32f4xx_it.o
    0x080007d0   0x080007d0   0x00000002   Code   RO          509    i.DMA1_Stream6_IRQHandler  stm32f4xx_it.o
    0x080007d2   0x080007d2   0x00000002   Code   RO          510    i.DMA2_Stream1_IRQHandler  stm32f4xx_it.o
    0x080007d4   0x080007d4   0x00000002   Code   RO          511    i.DMA2_Stream2_IRQHandler  stm32f4xx_it.o
    0x080007d6   0x080007d6   0x00000002   Code   RO          512    i.DMA2_Stream6_IRQHandler  stm32f4xx_it.o
    0x080007d8   0x080007d8   0x00000002   Code   RO          513    i.DMA2_Stream7_IRQHandler  stm32f4xx_it.o
    0x080007da   0x080007da   0x00000002   Code   RO          514    i.DebugMon_Handler  stm32f4xx_it.o
    0x080007dc   0x080007dc   0x000002ac   Code   RO         4788    i.Driver_motor_DatePrcess  drv_motor.o
    0x08000a88   0x08000a88   0x00000006   Code   RO           13    i.Error_Handler     main.o
    0x08000a8e   0x08000a8e   0x00000002   PAD
    0x08000a90   0x08000a90   0x0000018c   Code   RO          783    i.HAL_ADC_ConfigChannel  stm32f4xx_hal_adc.o
    0x08000c1c   0x08000c1c   0x00000068   Code   RO          792    i.HAL_ADC_Init      stm32f4xx_hal_adc.o
    0x08000c84   0x08000c84   0x00000080   Code   RO          677    i.HAL_ADC_MspInit   stm32f4xx_hal_msp.o
    0x08000d04   0x08000d04   0x00000156   Code   RO         2605    i.HAL_CAN_AddTxMessage  stm32f4xx_hal_can.o
    0x08000e5a   0x08000e5a   0x00000002   PAD
    0x08000e5c   0x08000e5c   0x00000124   Code   RO         2606    i.HAL_CAN_ConfigFilter  stm32f4xx_hal_can.o
    0x08000f80   0x08000f80   0x00000002   Code   RO         2609    i.HAL_CAN_ErrorCallback  stm32f4xx_hal_can.o
    0x08000f82   0x08000f82   0x0000017a   Code   RO         2612    i.HAL_CAN_GetRxMessage  stm32f4xx_hal_can.o
    0x080010fc   0x080010fc   0x0000024e   Code   RO         2616    i.HAL_CAN_IRQHandler  stm32f4xx_hal_can.o
    0x0800134a   0x0800134a   0x00000174   Code   RO         2617    i.HAL_CAN_Init      stm32f4xx_hal_can.o
    0x080014be   0x080014be   0x00000002   PAD
    0x080014c0   0x080014c0   0x00000184   Code   RO          679    i.HAL_CAN_MspInit   stm32f4xx_hal_msp.o
    0x08001644   0x08001644   0x00000002   Code   RO         2624    i.HAL_CAN_RxFifo0FullCallback  stm32f4xx_hal_can.o
    0x08001646   0x08001646   0x00000002   PAD
    0x08001648   0x08001648   0x0000005c   Code   RO         5082    i.HAL_CAN_RxFifo0MsgPendingCallback  bsp_can.o
    0x080016a4   0x080016a4   0x00000002   Code   RO         2626    i.HAL_CAN_RxFifo1FullCallback  stm32f4xx_hal_can.o
    0x080016a6   0x080016a6   0x00000002   PAD
    0x080016a8   0x080016a8   0x0000005c   Code   RO         5083    i.HAL_CAN_RxFifo1MsgPendingCallback  bsp_can.o
    0x08001704   0x08001704   0x00000002   Code   RO         2628    i.HAL_CAN_SleepCallback  stm32f4xx_hal_can.o
    0x08001706   0x08001706   0x0000005e   Code   RO         2629    i.HAL_CAN_Start     stm32f4xx_hal_can.o
    0x08001764   0x08001764   0x00000002   Code   RO         2631    i.HAL_CAN_TxMailbox0AbortCallback  stm32f4xx_hal_can.o
    0x08001766   0x08001766   0x00000002   Code   RO         2632    i.HAL_CAN_TxMailbox0CompleteCallback  stm32f4xx_hal_can.o
    0x08001768   0x08001768   0x00000002   Code   RO         2633    i.HAL_CAN_TxMailbox1AbortCallback  stm32f4xx_hal_can.o
    0x0800176a   0x0800176a   0x00000002   Code   RO         2634    i.HAL_CAN_TxMailbox1CompleteCallback  stm32f4xx_hal_can.o
    0x0800176c   0x0800176c   0x00000002   Code   RO         2635    i.HAL_CAN_TxMailbox2AbortCallback  stm32f4xx_hal_can.o
    0x0800176e   0x0800176e   0x00000002   Code   RO         2636    i.HAL_CAN_TxMailbox2CompleteCallback  stm32f4xx_hal_can.o
    0x08001770   0x08001770   0x00000002   Code   RO         2638    i.HAL_CAN_WakeUpFromRxMsgCallback  stm32f4xx_hal_can.o
    0x08001772   0x08001772   0x00000020   Code   RO         2841    i.HAL_CRC_Init      stm32f4xx_hal_crc.o
    0x08001792   0x08001792   0x00000002   PAD
    0x08001794   0x08001794   0x00000034   Code   RO          681    i.HAL_CRC_MspInit   stm32f4xx_hal_msp.o
    0x080017c8   0x080017c8   0x000001f4   Code   RO         1542    i.HAL_GPIO_Init     stm32f4xx_hal_gpio.o
    0x080019bc   0x080019bc   0x0000000c   Code   RO         1546    i.HAL_GPIO_WritePin  stm32f4xx_hal_gpio.o
    0x080019c8   0x080019c8   0x0000000c   Code   RO         2079    i.HAL_GetTick       stm32f4xx_hal.o
    0x080019d4   0x080019d4   0x00000018   Code   RO         2085    i.HAL_IncTick       stm32f4xx_hal.o
    0x080019ec   0x080019ec   0x0000003c   Code   RO         2086    i.HAL_Init          stm32f4xx_hal.o
    0x08001a28   0x08001a28   0x000000b4   Code   RO          739    i.HAL_InitTick      stm32f4xx_hal_timebase_tim.o
    0x08001adc   0x08001adc   0x00000054   Code   RO          682    i.HAL_MspInit       stm32f4xx_hal_msp.o
    0x08001b30   0x08001b30   0x00000020   Code   RO         1931    i.HAL_NVIC_EnableIRQ  stm32f4xx_hal_cortex.o
    0x08001b50   0x08001b50   0x0000007c   Code   RO         1937    i.HAL_NVIC_SetPriority  stm32f4xx_hal_cortex.o
    0x08001bcc   0x08001bcc   0x00000028   Code   RO         1938    i.HAL_NVIC_SetPriorityGrouping  stm32f4xx_hal_cortex.o
    0x08001bf4   0x08001bf4   0x00000184   Code   RO         1143    i.HAL_RCC_ClockConfig  stm32f4xx_hal_rcc.o
    0x08001d78   0x08001d78   0x00000044   Code   RO         1147    i.HAL_RCC_GetClockConfig  stm32f4xx_hal_rcc.o
    0x08001dbc   0x08001dbc   0x0000000c   Code   RO         1148    i.HAL_RCC_GetHCLKFreq  stm32f4xx_hal_rcc.o
    0x08001dc8   0x08001dc8   0x00000020   Code   RO         1150    i.HAL_RCC_GetPCLK1Freq  stm32f4xx_hal_rcc.o
    0x08001de8   0x08001de8   0x000000b0   Code   RO         1152    i.HAL_RCC_GetSysClockFreq  stm32f4xx_hal_rcc.o
    0x08001e98   0x08001e98   0x0000049c   Code   RO         1155    i.HAL_RCC_OscConfig  stm32f4xx_hal_rcc.o
    0x08002334   0x08002334   0x00000002   Code   RO         3809    i.HAL_TIMEx_BreakCallback  stm32f4xx_hal_tim_ex.o
    0x08002336   0x08002336   0x00000002   Code   RO         3810    i.HAL_TIMEx_CommutCallback  stm32f4xx_hal_tim_ex.o
    0x08002338   0x08002338   0x00000066   Code   RO         3094    i.HAL_TIM_Base_Init  stm32f4xx_hal_tim.o
    0x0800239e   0x0800239e   0x00000002   Code   RO         3096    i.HAL_TIM_Base_MspInit  stm32f4xx_hal_tim.o
    0x080023a0   0x080023a0   0x000000a8   Code   RO         3099    i.HAL_TIM_Base_Start_IT  stm32f4xx_hal_tim.o
    0x08002448   0x08002448   0x00000002   Code   RO         3128    i.HAL_TIM_IC_CaptureCallback  stm32f4xx_hal_tim.o
    0x0800244a   0x0800244a   0x00000196   Code   RO         3142    i.HAL_TIM_IRQHandler  stm32f4xx_hal_tim.o
    0x080025e0   0x080025e0   0x00000002   Code   RO         3145    i.HAL_TIM_OC_DelayElapsedCallback  stm32f4xx_hal_tim.o
    0x080025e2   0x080025e2   0x00000002   Code   RO         3172    i.HAL_TIM_PWM_PulseFinishedCallback  stm32f4xx_hal_tim.o
    0x080025e4   0x080025e4   0x00000018   Code   RO           14    i.HAL_TIM_PeriodElapsedCallback  main.o
    0x080025fc   0x080025fc   0x00000002   Code   RO         3185    i.HAL_TIM_TriggerCallback  stm32f4xx_hal_tim.o
    0x080025fe   0x080025fe   0x00000004   Code   RO          515    i.HardFault_Handler  stm32f4xx_it.o
    0x08002602   0x08002602   0x00000002   PAD
    0x08002604   0x08002604   0x0000001c   Code   RO           15    i.LL_AHB1_GRP1_EnableClock  main.o
    0x08002620   0x08002620   0x0000001c   Code   RO           16    i.LL_APB1_GRP1_EnableClock  main.o
    0x0800263c   0x0800263c   0x0000001c   Code   RO           17    i.LL_APB2_GRP1_EnableClock  main.o
    0x08002658   0x08002658   0x00000008   Code   RO         4872    i.LL_DMA_ClearFlag_HT2  bsp_usart.o
    0x08002660   0x08002660   0x00000008   Code   RO         4873    i.LL_DMA_ClearFlag_TC2  bsp_usart.o
    0x08002668   0x08002668   0x0000001c   Code   RO           18    i.LL_DMA_DisableFifoMode  main.o
    0x08002684   0x08002684   0x00000018   Code   RO         4874    i.LL_DMA_DisableStream  bsp_usart.o
    0x0800269c   0x0800269c   0x00000018   Code   RO         4875    i.LL_DMA_EnableDoubleBufferMode  bsp_usart.o
    0x080026b4   0x080026b4   0x00000018   Code   RO         4876    i.LL_DMA_EnableStream  bsp_usart.o
    0x080026cc   0x080026cc   0x00000014   Code   RO         4877    i.LL_DMA_GetCurrentTargetMem  bsp_usart.o
    0x080026e0   0x080026e0   0x00000014   Code   RO         4878    i.LL_DMA_GetDataLength  bsp_usart.o
    0x080026f4   0x080026f4   0x00000014   Code   RO         4879    i.LL_DMA_IsEnabledStream  bsp_usart.o
    0x08002708   0x08002708   0x0000001c   Code   RO           19    i.LL_DMA_SetChannelSelection  main.o
    0x08002724   0x08002724   0x0000001c   Code   RO         4880    i.LL_DMA_SetCurrentTargetMem  bsp_usart.o
    0x08002740   0x08002740   0x00000020   Code   RO         4881    i.LL_DMA_SetDataLength  bsp_usart.o
    0x08002760   0x08002760   0x0000001c   Code   RO           20    i.LL_DMA_SetDataTransferDirection  main.o
    0x0800277c   0x0800277c   0x00000018   Code   RO         4882    i.LL_DMA_SetMemory1Address  bsp_usart.o
    0x08002794   0x08002794   0x00000010   Code   RO         4883    i.LL_DMA_SetMemoryAddress  bsp_usart.o
    0x080027a4   0x080027a4   0x0000001c   Code   RO           21    i.LL_DMA_SetMemoryIncMode  main.o
    0x080027c0   0x080027c0   0x0000001c   Code   RO           22    i.LL_DMA_SetMemorySize  main.o
    0x080027dc   0x080027dc   0x0000001c   Code   RO           23    i.LL_DMA_SetMode    main.o
    0x080027f8   0x080027f8   0x00000010   Code   RO         4884    i.LL_DMA_SetPeriphAddress  bsp_usart.o
    0x08002808   0x08002808   0x0000001c   Code   RO           24    i.LL_DMA_SetPeriphIncMode  main.o
    0x08002824   0x08002824   0x0000001c   Code   RO           25    i.LL_DMA_SetPeriphSize  main.o
    0x08002840   0x08002840   0x0000001c   Code   RO           26    i.LL_DMA_SetStreamPriorityLevel  main.o
    0x0800285c   0x0800285c   0x00000138   Code   RO         2900    i.LL_GPIO_Init      stm32f4xx_ll_gpio.o
    0x08002994   0x08002994   0x00000024   Code   RO         2328    i.LL_RCC_GetSystemClocksFreq  stm32f4xx_ll_rcc.o
    0x080029b8   0x080029b8   0x00000010   Code   RO         2330    i.LL_RCC_PLL_GetN   stm32f4xx_ll_rcc.o
    0x080029c8   0x080029c8   0x0000006c   Code   RO         3014    i.LL_SPI_Init       stm32f4xx_ll_spi.o
    0x08002a34   0x08002a34   0x0000000a   Code   RO           27    i.LL_TIM_DisableARRPreload  main.o
    0x08002a3e   0x08002a3e   0x0000000a   Code   RO           28    i.LL_TIM_DisableMasterSlaveMode  main.o
    0x08002a48   0x08002a48   0x000000e4   Code   RO         4093    i.LL_TIM_Init       stm32f4xx_ll_tim.o
    0x08002b2c   0x08002b2c   0x00000060   Code   RO           29    i.LL_TIM_OC_DisableFast  main.o
    0x08002b8c   0x08002b8c   0x00000060   Code   RO           30    i.LL_TIM_OC_EnablePreload  main.o
    0x08002bec   0x08002bec   0x0000005c   Code   RO         4094    i.LL_TIM_OC_Init    stm32f4xx_ll_tim.o
    0x08002c48   0x08002c48   0x00000004   Code   RO         4095    i.LL_TIM_OC_SetCompareCH2  stm32f4xx_ll_tim.o
    0x08002c4c   0x08002c4c   0x0000000c   Code   RO           31    i.LL_TIM_SetTriggerOutput  main.o
    0x08002c58   0x08002c58   0x00000010   Code   RO         4885    i.LL_USART_ClearFlag_IDLE  bsp_usart.o
    0x08002c68   0x08002c68   0x00000008   Code   RO         4886    i.LL_USART_ClearFlag_RXNE  bsp_usart.o
    0x08002c70   0x08002c70   0x00000012   Code   RO           32    i.LL_USART_ConfigAsyncMode  main.o
    0x08002c82   0x08002c82   0x0000000a   Code   RO           33    i.LL_USART_Enable   main.o
    0x08002c8c   0x08002c8c   0x0000000a   Code   RO         4887    i.LL_USART_Enable   bsp_usart.o
    0x08002c96   0x08002c96   0x00000020   Code   RO         4888    i.LL_USART_EnableDMAReq_RX  bsp_usart.o
    0x08002cb6   0x08002cb6   0x00000020   Code   RO         4889    i.LL_USART_EnableDMAReq_TX  bsp_usart.o
    0x08002cd6   0x08002cd6   0x00000020   Code   RO         4890    i.LL_USART_EnableIT_IDLE  bsp_usart.o
    0x08002cf6   0x08002cf6   0x00000002   PAD
    0x08002cf8   0x08002cf8   0x000000c4   Code   RO         4249    i.LL_USART_Init     stm32f4xx_ll_usart.o
    0x08002dbc   0x08002dbc   0x0000000a   Code   RO         4891    i.LL_USART_IsActiveFlag_IDLE  bsp_usart.o
    0x08002dc6   0x08002dc6   0x0000000a   Code   RO         4892    i.LL_USART_IsActiveFlag_RXNE  bsp_usart.o
    0x08002dd0   0x08002dd0   0x0000000a   Code   RO         4250    i.LL_USART_IsEnabled  stm32f4xx_ll_usart.o
    0x08002dda   0x08002dda   0x000001b8   Code   RO         4251    i.LL_USART_SetBaudRate  stm32f4xx_ll_usart.o
    0x08002f92   0x08002f92   0x00000002   PAD
    0x08002f94   0x08002f94   0x00000078   Code   RO           34    i.MX_ADC1_Init      main.o
    0x0800300c   0x0800300c   0x0000004c   Code   RO           35    i.MX_CAN1_Init      main.o
    0x08003058   0x08003058   0x0000004c   Code   RO           36    i.MX_CAN2_Init      main.o
    0x080030a4   0x080030a4   0x00000020   Code   RO           37    i.MX_CRC_Init       main.o
    0x080030c4   0x080030c4   0x000000e6   Code   RO           38    i.MX_DMA_Init       main.o
    0x080031aa   0x080031aa   0x00000002   PAD
    0x080031ac   0x080031ac   0x00000144   Code   RO           39    i.MX_GPIO_Init      main.o
    0x080032f0   0x080032f0   0x00000094   Code   RO           40    i.MX_SPI1_Init      main.o
    0x08003384   0x08003384   0x00000060   Code   RO           41    i.MX_TIM10_Init     main.o
    0x080033e4   0x080033e4   0x000000d8   Code   RO           42    i.MX_TIM5_Init      main.o
    0x080034bc   0x080034bc   0x00000064   Code   RO           43    i.MX_TIM7_Init      main.o
    0x08003520   0x08003520   0x00000124   Code   RO           44    i.MX_UART4_Init     main.o
    0x08003644   0x08003644   0x00000158   Code   RO           45    i.MX_USART1_UART_Init  main.o
    0x0800379c   0x0800379c   0x00000158   Code   RO           46    i.MX_USART2_UART_Init  main.o
    0x080038f4   0x080038f4   0x00000154   Code   RO           47    i.MX_USART6_UART_Init  main.o
    0x08003a48   0x08003a48   0x00000004   Code   RO          516    i.MemManage_Handler  stm32f4xx_it.o
    0x08003a4c   0x08003a4c   0x00000004   Code   RO          517    i.NMI_Handler       stm32f4xx_it.o
    0x08003a50   0x08003a50   0x00000040   Code   RO           48    i.NVIC_EncodePriority  main.o
    0x08003a90   0x08003a90   0x00000080   Code   RO         4098    i.OC1Config         stm32f4xx_ll_tim.o
    0x08003b10   0x08003b10   0x0000008c   Code   RO         4099    i.OC2Config         stm32f4xx_ll_tim.o
    0x08003b9c   0x08003b9c   0x00000080   Code   RO         4100    i.OC3Config         stm32f4xx_ll_tim.o
    0x08003c1c   0x08003c1c   0x00000064   Code   RO         4101    i.OC4Config         stm32f4xx_ll_tim.o
    0x08003c80   0x08003c80   0x00000234   Code   RO         5304    i.PID_calc          pid.o
    0x08003eb4   0x08003eb4   0x00000050   Code   RO         5305    i.PID_init          pid.o
    0x08003f04   0x08003f04   0x00000078   Code   RO         5403    i.RAMP_float        ramp_control.o
    0x08003f7c   0x08003f7c   0x00000020   Code   RO         2332    i.RCC_GetHCLKClockFreq  stm32f4xx_ll_rcc.o
    0x08003f9c   0x08003f9c   0x00000024   Code   RO         2333    i.RCC_GetPCLK1ClockFreq  stm32f4xx_ll_rcc.o
    0x08003fc0   0x08003fc0   0x00000024   Code   RO         2334    i.RCC_GetPCLK2ClockFreq  stm32f4xx_ll_rcc.o
    0x08003fe4   0x08003fe4   0x00000044   Code   RO         2335    i.RCC_GetSystemClockFreq  stm32f4xx_ll_rcc.o
    0x08004028   0x08004028   0x00000070   Code   RO         2338    i.RCC_PLL_GetFreqDomain_SYS  stm32f4xx_ll_rcc.o
    0x08004098   0x08004098   0x00000030   Code   RO         4542    i.RC_Task           system_driver.o
    0x080040c8   0x080040c8   0x00000010   Code   RO         4756    i.RC_abs            drv_dr16.o
    0x080040d8   0x080040d8   0x00000014   Code   RO         4360    i.RTOS_Init         system_start.o
    0x080040ec   0x080040ec   0x00000014   Code   RO           49    i.StartDefaultTask  main.o
    0x08004100   0x08004100   0x00000034   Code   RO         6931    i.SysTick_Handler   port.o
    0x08004134   0x08004134   0x000000b4   Code   RO           50    i.SystemClock_Config  main.o
    0x080041e8   0x080041e8   0x00000014   Code   RO         4324    i.SystemInit        system_stm32f4xx.o
    0x080041fc   0x080041fc   0x00000002   Code   RO         4487    i.System_App_Init   sysetm_app.o
    0x080041fe   0x080041fe   0x00000002   PAD
    0x08004200   0x08004200   0x000000f0   Code   RO         4608    i.System_Communication_Init  system_communication.o
    0x080042f0   0x080042f0   0x00000002   Code   RO         4609    i.System_Communication_Loop  system_communication.o
    0x080042f2   0x080042f2   0x00000002   PAD
    0x080042f4   0x080042f4   0x00000020   Code   RO         4543    i.System_Driver_Init  system_driver.o
    0x08004314   0x08004314   0x00000028   Code   RO         4544    i.System_Driver_Loop  system_driver.o
    0x0800433c   0x0800433c   0x00000034   Code   RO         4361    i.System_Init       system_start.o
    0x08004370   0x08004370   0x00000002   Code   RO          518    i.TIM1_UP_TIM10_IRQHandler  stm32f4xx_it.o
    0x08004372   0x08004372   0x00000002   Code   RO         7085    i.TIM3_IRQHandler   pick_up.o
    0x08004374   0x08004374   0x00000010   Code   RO          519    i.TIM6_DAC_IRQHandler  stm32f4xx_it.o
    0x08004384   0x08004384   0x00000008   Code   RO          520    i.TIM7_IRQHandler   stm32f4xx_it.o
    0x0800438c   0x0800438c   0x000000d8   Code   RO         3187    i.TIM_Base_SetConfig  stm32f4xx_hal_tim.o
    0x08004464   0x08004464   0x00000008   Code   RO          521    i.UART4_IRQHandler  stm32f4xx_it.o
    0x0800446c   0x0800446c   0x00000008   Code   RO          522    i.USART1_IRQHandler  stm32f4xx_it.o
    0x08004474   0x08004474   0x00000008   Code   RO          523    i.USART2_IRQHandler  stm32f4xx_it.o
    0x0800447c   0x0800447c   0x00000008   Code   RO          524    i.USART6_IRQHandler  stm32f4xx_it.o
    0x08004484   0x08004484   0x0000002c   Code   RO         5141    i.Update_SystemTick  bsp_timer.o
    0x080044b0   0x080044b0   0x00000004   Code   RO          525    i.UsageFault_Handler  stm32f4xx_it.o
    0x080044b4   0x080044b4   0x00000010   Code   RO         4612    i.User_CAN1_RxCpltCallback  system_communication.o
    0x080044c4   0x080044c4   0x00000002   Code   RO         4613    i.User_CAN2_RxCpltCallback  system_communication.o
    0x080044c6   0x080044c6   0x0000001a   Code   RO           51    i.__NVIC_EnableIRQ  main.o
    0x080044e0   0x080044e0   0x00000010   Code   RO           52    i.__NVIC_GetPriorityGrouping  main.o
    0x080044f0   0x080044f0   0x00000010   Code   RO         1944    i.__NVIC_GetPriorityGrouping  stm32f4xx_hal_cortex.o
    0x08004500   0x08004500   0x00000028   Code   RO           53    i.__NVIC_SetPriority  main.o
    0x08004528   0x08004528   0x00000028   Code   RO         1945    i.__NVIC_SetPriority  stm32f4xx_hal_cortex.o
    0x08004550   0x08004550   0x0000000e   Code   RO         7276    i.__scatterload_copy  mc_w.l(handlers.o)
    0x0800455e   0x0800455e   0x00000002   Code   RO         7277    i.__scatterload_null  mc_w.l(handlers.o)
    0x08004560   0x08004560   0x0000000e   Code   RO         7278    i.__scatterload_zeroinit  mc_w.l(handlers.o)
    0x0800456e   0x0800456e   0x00000002   PAD
    0x08004570   0x08004570   0x00000044   Code   RO         4614    i.bluetooth_call_back  system_communication.o
    0x080045b4   0x080045b4   0x00000038   Code   RO         5142    i.bsp_Timer_Init    bsp_timer.o
    0x080045ec   0x080045ec   0x00000064   Code   RO         5084    i.bsp_can_Init      bsp_can.o
    0x08004650   0x08004650   0x00000088   Code   RO         4897    i.bsp_uart4_Init    bsp_usart.o
    0x080046d8   0x080046d8   0x000000a0   Code   RO         4898    i.bsp_usart1_Init   bsp_usart.o
    0x08004778   0x08004778   0x000000a0   Code   RO         4899    i.bsp_usart2_Init   bsp_usart.o
    0x08004818   0x08004818   0x00000006   Code   RO         7010    i.chassis_max_speed_set  chassis.o
    0x0800481e   0x0800481e   0x00000042   Code   RO         7011    i.chassis_motor_drive  chassis.o
    0x08004860   0x08004860   0x00000012   Code   RO         7012    i.chassis_motor_drive_close  chassis.o
    0x08004872   0x08004872   0x00000040   Code   RO         7013    i.chassis_motor_pid_cal  chassis.o
    0x080048b2   0x080048b2   0x00000002   PAD
    0x080048b4   0x080048b4   0x00000028   Code   RO         7014    i.chassis_motor_pid_init  chassis.o
    0x080048dc   0x080048dc   0x0000001c   Code   RO         7015    i.chassis_slow_mode  chassis.o
    0x080048f8   0x080048f8   0x00000148   Code   RO         7016    i.chassis_solve     chassis.o
    0x08004a40   0x08004a40   0x00000074   Code   RO         7017    i.chassis_task      chassis.o
    0x08004ab4   0x08004ab4   0x00000030   Code   RO         7159    i.chssis_task_start  r1.o
    0x08004ae4   0x08004ae4   0x00000184   Code   RO         4757    i.dr16_DatePrcess   drv_dr16.o
    0x08004c68   0x08004c68   0x00000034   Code   RO         4545    i.dr16_call_back    system_driver.o
    0x08004c9c   0x08004c9c   0x0000006c   Code   RO           54    i.main              main.o
    0x08004d08   0x08004d08   0x0000000e   Code   RO         6484    i.makeFreeRtosPriority  cmsis_os.o
    0x08004d16   0x08004d16   0x00000002   PAD
    0x08004d18   0x08004d18   0x00000044   Code   RO         4615    i.miniPC_call_back  system_communication.o
    0x08004d5c   0x08004d5c   0x0000004e   Code   RO         4790    i.motor_angle_pid_cal_callback  drv_motor.o
    0x08004daa   0x08004daa   0x00000002   PAD
    0x08004dac   0x08004dac   0x00000040   Code   RO         4792    i.motor_driver_can1  drv_motor.o
    0x08004dec   0x08004dec   0x00000040   Code   RO         4793    i.motor_driver_can2  drv_motor.o
    0x08004e2c   0x08004e2c   0x0000002e   Code   RO         4794    i.motor_speed_pid_cal_callback  drv_motor.o
    0x08004e5a   0x08004e5a   0x0000000a   Code   RO         6489    i.osKernelStart     cmsis_os.o
    0x08004e64   0x08004e64   0x0000005e   Code   RO         6523    i.osThreadCreate    cmsis_os.o
    0x08004ec2   0x08004ec2   0x0000000e   Code   RO         6534    i.osThreadTerminate  cmsis_os.o
    0x08004ed0   0x08004ed0   0x00000040   Code   RO         7086    i.pick_motor_10_pid_init  pick_up.o
    0x08004f10   0x08004f10   0x00000024   Code   RO         7087    i.pick_motor_8_pid_init  pick_up.o
    0x08004f34   0x08004f34   0x0000003e   Code   RO         7088    i.pick_motor_angle_pid_cal  pick_up.o
    0x08004f72   0x08004f72   0x00000036   Code   RO         7089    i.pick_motor_drive  pick_up.o
    0x08004fa8   0x08004fa8   0x00000080   Code   RO         7090    i.pick_solve        pick_up.o
    0x08005028   0x08005028   0x0000007c   Code   RO         7091    i.pick_task         pick_up.o
    0x080050a4   0x080050a4   0x00000030   Code   RO         7160    i.pick_task_start   r1.o
    0x080050d4   0x080050d4   0x00000042   Code   RO         4795    i.pid_angle_init_callback  drv_motor.o
    0x08005116   0x08005116   0x00000042   Code   RO         4796    i.pid_speed_init_callback  drv_motor.o
    0x08005158   0x08005158   0x00000098   Code   RO         6104    i.prvAddCurrentTaskToDelayedList  tasks.o
    0x080051f0   0x080051f0   0x000000b8   Code   RO         6105    i.prvAddNewTaskToReadyList  tasks.o
    0x080052a8   0x080052a8   0x00000048   Code   RO         6106    i.prvCheckTasksWaitingTermination  tasks.o
    0x080052f0   0x080052f0   0x00000050   Code   RO         6107    i.prvDeleteTCB      tasks.o
    0x08005340   0x08005340   0x0000007c   Code   RO         6863    i.prvHeapInit       heap_4.o
    0x080053bc   0x080053bc   0x0000002c   Code   RO         6108    i.prvIdleTask       tasks.o
    0x080053e8   0x080053e8   0x000000be   Code   RO         6109    i.prvInitialiseNewTask  tasks.o
    0x080054a6   0x080054a6   0x00000002   PAD
    0x080054a8   0x080054a8   0x00000068   Code   RO         6110    i.prvInitialiseTaskLists  tasks.o
    0x08005510   0x08005510   0x00000068   Code   RO         6864    i.prvInsertBlockIntoFreeList  heap_4.o
    0x08005578   0x08005578   0x00000034   Code   RO         6112    i.prvResetNextTaskUnblockTime  tasks.o
    0x080055ac   0x080055ac   0x00000040   Code   RO         6932    i.prvTaskExitError  port.o
    0x080055ec   0x080055ec   0x0000014c   Code   RO         6865    i.pvPortMalloc      heap_4.o
    0x08005738   0x08005738   0x0000002c   Code   RO         6933    i.pxPortInitialiseStack  port.o
    0x08005764   0x08005764   0x00000094   Code   RO         7200    i.status_change_callback  status.o
    0x080057f8   0x080057f8   0x0000003a   Code   RO         7201    i.status_remote_callback  status.o
    0x08005832   0x08005832   0x00000002   PAD
    0x08005834   0x08005834   0x00000124   Code   RO         4901    i.uart4_IQR_Service  bsp_usart.o
    0x08005958   0x08005958   0x00000108   Code   RO         4902    i.usart1_IQR_Service  bsp_usart.o
    0x08005a60   0x08005a60   0x00000118   Code   RO         4903    i.usart2_IQR_Service  bsp_usart.o
    0x08005b78   0x08005b78   0x00000138   Code   RO         4904    i.usart6_IQR_Service  bsp_usart.o
    0x08005cb0   0x08005cb0   0x00000028   Code   RO         5693    i.uxListRemove      list.o
    0x08005cd8   0x08005cd8   0x00000018   Code   RO          442    i.vApplicationGetIdleTaskMemory  freertos.o
    0x08005cf0   0x08005cf0   0x00000002   Code   RO          443    i.vApplicationIdleHook  freertos.o
    0x08005cf2   0x08005cf2   0x0000001a   Code   RO         5694    i.vListInitialise   list.o
    0x08005d0c   0x08005d0c   0x00000006   Code   RO         5695    i.vListInitialiseItem  list.o
    0x08005d12   0x08005d12   0x00000034   Code   RO         5696    i.vListInsert       list.o
    0x08005d46   0x08005d46   0x00000018   Code   RO         5697    i.vListInsertEnd    list.o
    0x08005d5e   0x08005d5e   0x00000002   PAD
    0x08005d60   0x08005d60   0x00000054   Code   RO         6935    i.vPortEnterCritical  port.o
    0x08005db4   0x08005db4   0x0000003c   Code   RO         6936    i.vPortExitCritical  port.o
    0x08005df0   0x08005df0   0x000000a4   Code   RO         6866    i.vPortFree         heap_4.o
    0x08005e94   0x08005e94   0x00000028   Code   RO         6937    i.vPortSetupTimerInterrupt  port.o
    0x08005ebc   0x08005ebc   0x00000078   Code   RO         6938    i.vPortValidateInterruptPriority  port.o
    0x08005f34   0x08005f34   0x0000005c   Code   RO         6124    i.vTaskDelay        tasks.o
    0x08005f90   0x08005f90   0x000000f4   Code   RO         6126    i.vTaskDelete       tasks.o
    0x08006084   0x08006084   0x000000b0   Code   RO         6140    i.vTaskStartScheduler  tasks.o
    0x08006134   0x08006134   0x00000010   Code   RO         6142    i.vTaskSuspendAll   tasks.o
    0x08006144   0x08006144   0x0000008c   Code   RO         6143    i.vTaskSwitchContext  tasks.o
    0x080061d0   0x080061d0   0x00000168   Code   RO         6939    i.xPortStartScheduler  port.o
    0x08006338   0x08006338   0x00000064   Code   RO         6146    i.xTaskCreate       tasks.o
    0x0800639c   0x0800639c   0x000000ba   Code   RO         6147    i.xTaskCreateStatic  tasks.o
    0x08006456   0x08006456   0x00000002   PAD
    0x08006458   0x08006458   0x00000168   Code   RO         6149    i.xTaskGenericNotifyFromISR  tasks.o
    0x080065c0   0x080065c0   0x00000148   Code   RO         6155    i.xTaskIncrementTick  tasks.o
    0x08006708   0x08006708   0x000000a0   Code   RO         6157    i.xTaskNotifyWait   tasks.o
    0x080067a8   0x080067a8   0x00000104   Code   RO         6161    i.xTaskResumeAll    tasks.o
    0x080068ac   0x080068ac   0x00000048   Data   RO           56    .constdata          main.o
    0x080068f4   0x080068f4   0x00000018   Data   RO         4325    .constdata          system_stm32f4xx.o
    0x0800690c   0x0800690c   0x0000002b   Data   RO         4906    .constdata          bsp_usart.o
    0x08006937   0x08006937   0x00000001   PAD
    0x08006938   0x08006938   0x0000000c   Data   RO           57    .conststring        main.o
    0x08006944   0x08006944   0x00000020   Data   RO         7274    Region$$Table       anon$$obj.o


    Execution Region RW_IRAM1 (Exec base: 0x20000000, Load base: 0x08006964, Size: 0x00004c88, Max: 0x0001c000, ABSOLUTE, COMPRESSED[0x00000030])

    Exec Addr    Load Addr    Size         Type   Attr      Idx    E Section Name        Object

    0x20000000   COMPRESSED   0x0000000c   Data   RW           58    .data               main.o
    0x2000000c   COMPRESSED   0x00000004   Data   RW          684    .data               stm32f4xx_hal_msp.o
    0x20000010   COMPRESSED   0x00000009   Data   RW         2093    .data               stm32f4xx_hal.o
    0x20000019   COMPRESSED   0x00000003   PAD
    0x2000001c   COMPRESSED   0x00000004   Data   RW         4326    .data               system_stm32f4xx.o
    0x20000020   COMPRESSED   0x00000004   Data   RW         4363    .data               system_start.o
    0x20000024   COMPRESSED   0x00000018   Data   RW         4547    .data               system_driver.o
    0x2000003c   COMPRESSED   0x00000024   Data   RW         4617    .data               system_communication.o
    0x20000060   COMPRESSED   0x00000010   Data   RW         4799    .data               drv_motor.o
    0x20000070   COMPRESSED   0x00000008   Data   RW         4907    .data               bsp_usart.o
    0x20000078   COMPRESSED   0x00000008   Data   RW         5087    .data               bsp_can.o
    0x20000080   COMPRESSED   0x00000005   Data   RW         5146    .data               bsp_timer.o
    0x20000085   COMPRESSED   0x00000003   PAD
    0x20000088   COMPRESSED   0x0000003c   Data   RW         6164    .data               tasks.o
    0x200000c4   COMPRESSED   0x00000020   Data   RW         6872    .data               heap_4.o
    0x200000e4   COMPRESSED   0x0000000c   Data   RW         6940    .data               port.o
    0x200000f0   COMPRESSED   0x00000018   Data   RW         7019    .data               chassis.o
    0x20000108   COMPRESSED   0x00000033   Data   RW         7093    .data               pick_up.o
    0x2000013b   COMPRESSED   0x00000001   PAD
    0x2000013c   COMPRESSED   0x00000008   Data   RW         7164    .data               r1.o
    0x20000144        -       0x00000098   Zero   RW           55    .bss                main.o
    0x200001dc        -       0x0000015c   Zero   RW          444    .bss                freertos.o
    0x20000338        -       0x00000048   Zero   RW          742    .bss                stm32f4xx_hal_timebase_tim.o
    0x20000380        -       0x00000108   Zero   RW         4458    .bss                system_datapool.o
    0x20000488        -       0x0000000c   Zero   RW         4759    .bss                drv_dr16.o
    0x20000494        -       0x00000080   Zero   RW         4905    .bss                bsp_usart.o
    0x20000514        -       0x00000078   Zero   RW         5085    .bss                bsp_can.o
    0x2000058c        -       0x000000f0   Zero   RW         6163    .bss                tasks.o
    0x2000067c        -       0x00003c00   Zero   RW         6871    .bss                heap_4.o
    0x2000427c        -       0x00000608   Zero   RW         7162    .bss                r1.o
    0x20004884   COMPRESSED   0x00000004   PAD
    0x20004888        -       0x00000400   Zero   RW            1    STACK               startup_stm32f407xx.o


==============================================================================

Image component sizes


      Code (inc. data)   RO Data    RW Data    ZI Data      Debug   Object Name

       446         60          0          8        120       6099   bsp_can.o
       100         18          0          5          0      27170   bsp_timer.o
      2018        168         43          8        128      45000   bsp_usart.o
       666         56          0         24          0       5934   chassis.o
       132          0          0          0          0      23157   cmsis_os.o
       404          4          0          0         12       2544   drv_dr16.o
      1068         24          0         16          0       6886   drv_motor.o
         0          0          0          0          0      16912   event_groups.o
        26         10          0          0        348      42519   freertos.o
       724         74          0         32      15360       7411   heap_4.o
       148          0          0          0          0       3562   list.o
      3810        270         84         12        152     889153   main.o
       882         86          0         51          0       6535   pick_up.o
       644         10          0          0          0       2658   pid.o
      1014         92          0         12          0      12033   port.o
        96         46          0          8       1544       3415   r1.o
       120          4          0          0          0        753   ramp_control.o
        36          8        392          0       1024        836   startup_stm32f407xx.o
       206          0          0          0          0       1638   status.o
        96         20          0          9          0       8078   stm32f4xx_hal.o
       852         28          0          0          0       2743   stm32f4xx_hal_adc.o
      2090          6          0          0          0      12932   stm32f4xx_hal_can.o
       252         22          0          0          0      33674   stm32f4xx_hal_cortex.o
        32          0          0          0          0       1035   stm32f4xx_hal_crc.o
       512         46          0          0          0       2108   stm32f4xx_hal_gpio.o
       652         54          0          4          0       3484   stm32f4xx_hal_msp.o
      1856         84          0          0          0       5686   stm32f4xx_hal_rcc.o
       902         76          0          0          0       6450   stm32f4xx_hal_tim.o
         4          0          0          0          0       1565   stm32f4xx_hal_tim_ex.o
       180         20          0          0         72       1463   stm32f4xx_hal_timebase_tim.o
       158         30          0          0          0      11601   stm32f4xx_it.o
       312          0          0          0          0       7335   stm32f4xx_ll_gpio.o
       336         60          0          0          0      28265   stm32f4xx_ll_rcc.o
       108          0          0          0          0      14510   stm32f4xx_ll_spi.o
       820         78          0          0          0      34963   stm32f4xx_ll_tim.o
       646         26          0          0          0      16880   stm32f4xx_ll_usart.o
         0          0          0          0          0        392   stream_buffer.o
         2          0          0          0          0       1405   sysetm_app.o
       396         60          0         36          0       4841   system_communication.o
         0          0          0          0        264       1617   system_datapool.o
       172         42          0         24          0      10900   system_driver.o
        72          8          0          4          0      16698   system_start.o
        20          6         24          4          0       1127   system_stm32f4xx.o
      2940        352          0         60        240      23929   tasks.o

    ----------------------------------------------------------------------
     25992       1948        576        324      19268    1357896   Object Totals
         0          0         32          0          0          0   (incl. Generated)
        42          0          1          7          4          0   (incl. Padding)

    ----------------------------------------------------------------------

      Code (inc. data)   RO Data    RW Data    ZI Data      Debug   Library Member Name

        86          0          0          0          0          0   __dczerorl2.o
         0          0          0          0          0          0   entry.o
         0          0          0          0          0          0   entry10a.o
         0          0          0          0          0          0   entry11a.o
         4          0          0          0          0          0   entry12b.o
         8          4          0          0          0          0   entry2.o
         4          0          0          0          0          0   entry5.o
         0          0          0          0          0          0   entry7b.o
         0          0          0          0          0          0   entry8b.o
         8          4          0          0          0          0   entry9a.o
        30          0          0          0          0          0   handlers.o
        36          8          0          0          0         68   init.o
        30          0          0          0          0         68   llshl.o
        32          0          0          0          0         68   llushr.o
        36          0          0          0          0         68   memcpya.o
        36          0          0          0          0        108   memseta.o
        98          0          0          0          0         92   uldiv.o

    ----------------------------------------------------------------------
       412         16          0          0          0        472   Library Totals
         4          0          0          0          0          0   (incl. Padding)

    ----------------------------------------------------------------------

      Code (inc. data)   RO Data    RW Data    ZI Data      Debug   Library Name

       408         16          0          0          0        472   mc_w.l

    ----------------------------------------------------------------------
       412         16          0          0          0        472   Library Totals

    ----------------------------------------------------------------------

==============================================================================


      Code (inc. data)   RO Data    RW Data    ZI Data      Debug   

     26404       1964        576        324      19268    1333196   Grand Totals
     26404       1964        576         48      19268    1333196   ELF Image Totals (compressed)
     26404       1964        576         48          0          0   ROM Totals

==============================================================================

    Total RO  Size (Code + RO Data)                26980 (  26.35kB)
    Total RW  Size (RW Data + ZI Data)             19592 (  19.13kB)
    Total ROM Size (Code + RO Data + RW Data)      27028 (  26.39kB)

==============================================================================

